=== lob_perf: NASDAQ TotalView-ITCH 5.0 recorded day, mode latency ===
run: 2026-09-23 18:00:30 local | command: lob_perf_latency.exe 12302019.NASDAQ_ITCH50 --cpu 1 --placement prescan
machine
  cpu: Intel(R) Core(TM) Ultra 7 265H | logical processors: 16
  cpu sets (index: efficiency class / core / last-level cache):
    0: 1/0/0 1: 1/1/0 2: 0/2/0 3: 0/3/0 4: 0/4/0 5: 0/5/0 6: 0/6/0 7: 0/7/0
    8: 0/8/0 9: 0/9/0 10: 1/10/0 11: 1/11/0 12: 1/12/0 13: 1/13/0 14: 0/14/14 15: 0/15/14
  os: Windows 10.0 build 26200
  memory: 31.5 GB total, 5.8 GB available at start
  power: AC line online | battery 99% | battery saver off
  compiler: g++ 16.1.0 | flags: -std=c++20 -O3 -march=native -DNDEBUG -Wall -Wextra -pthread -static -I include -DLOB_PERF_LATENCY
  source: git commit b8ea69f059225ae816bb683c0fb57aeade1746b6
  cpu order, fastest type first: 0 1 10 11 12 13 2 3 4 5 6 7 8 9 14 15
tsc
  invariant TSC (CPUID 80000007h EDX bit 8): yes
  CPUID 15h nominal TSC frequency: 3.686400 GHz
  measured against steady_clock (QueryPerformanceCounter on Windows), five 1 s windows: 3.686405 3.686402 3.686401 3.686402 3.686402 GHz | median 3.686402 GHz

pre-scan and sizing (untimed, 70.4 s; placement prescan, the same as lob_replay's)
  file 12302019.NASDAQ_ITCH50 | chunk 268,435,456 bytes | ladder budget 1,024 MB
  bytes 8,251,407,909 | messages 268,744,780 | trailing bytes 0 | bad_length 0 | pre-scan 64.8 s
  by type:
    A 117,145,568 | C 99,917 | D 114,360,997 | E 5,722,824 | F 1,485,888 | H 8,966 | I 4,024,315 | J 34 | K 3
    L 215,161 | P 1,218,602 | Q 17,836 | R 8,906 | S 6 | U 21,639,067 | V 1 | X 2,787,676 | Y 9,013
  books 8,892 | ladders 1024 MB | pools 2,482,926 slots | id maps 7,139,520 slots | adds 140,270,523, on the ladders (predicted) 139,863,089

per-message latency | thread pinned to cpu 1 | every message timed
  timed region per message: the book lookup by stock_locate and itch::dispatch_checked<WireUnits>(), between rdtsc_begin() (lfence; rdtsc) and rdtsc_end() (rdtscp; lfence)
  empty timer pair, 100,000 samples: min 36 | p50 40 | p99 44 cycles (before the pass, after 0.5 s of busy spinning; measured again after every chunk and after the pass)
  chunk   1 | messages   7,844,756 | through     7,844,756 | timed   1.0308 s |   131.4 ns/msg | book digest 7e6be98cad5b8c9d
  chunk   2 | messages   8,572,655 | through    16,417,411 | timed   2.0826 s |   242.9 ns/msg | book digest f1387ab47cf88f64
  chunk   3 | messages   8,797,106 | through    25,214,517 | timed   2.2148 s |   251.8 ns/msg | book digest 04e1373b7d95e09f
  chunk   4 | messages   8,813,522 | through    34,028,039 | timed   2.2449 s |   254.7 ns/msg | book digest db9637b11740c1fd
  chunk   5 | messages   8,830,461 | through    42,858,500 | timed   2.1999 s |   249.1 ns/msg | book digest 866979044d7634b0
  chunk   6 | messages   8,845,815 | through    51,704,315 | timed   2.2514 s |   254.5 ns/msg | book digest c572635363487cfc
  chunk   7 | messages   8,848,176 | through    60,552,491 | timed   2.2406 s |   253.2 ns/msg | book digest 9ad96eacf72add33
  chunk   8 | messages   8,854,257 | through    69,406,748 | timed   2.2416 s |   253.2 ns/msg | book digest 42f31dd60eca18ae
  chunk   9 | messages   8,856,320 | through    78,263,068 | timed   2.2146 s |   250.1 ns/msg | book digest 7fcc1b7ee4067370
  chunk  10 | messages   8,853,045 | through    87,116,113 | timed   2.1752 s |   245.7 ns/msg | book digest cdc406f58d05714e
  chunk  11 | messages   8,854,377 | through    95,970,490 | timed   2.2509 s |   254.2 ns/msg | book digest 90eb2a55d55fd087
  chunk  12 | messages   8,845,921 | through   104,816,411 | timed   2.1985 s |   248.5 ns/msg | book digest 4d705f03431ef2c8
  chunk  13 | messages   8,843,186 | through   113,659,597 | timed   2.3053 s |   260.7 ns/msg | book digest 20ddfc836c533588
  chunk  14 | messages   8,852,507 | through   122,512,104 | timed   2.1643 s |   244.5 ns/msg | book digest fa80ae7fc1013ee4
  chunk  15 | messages   8,844,270 | through   131,356,374 | timed   2.2349 s |   252.7 ns/msg | book digest 8bee059c48ffce7b
  chunk  16 | messages   8,843,369 | through   140,199,743 | timed   2.2238 s |   251.5 ns/msg | book digest adce77c3a68543df
  chunk  17 | messages   8,839,419 | through   149,039,162 | timed   2.2045 s |   249.4 ns/msg | book digest de113b7eafdd4bb5
  chunk  18 | messages   8,848,521 | through   157,887,683 | timed   2.2681 s |   256.3 ns/msg | book digest 0e4956258a954534
  chunk  19 | messages   8,844,387 | through   166,732,070 | timed   2.2006 s |   248.8 ns/msg | book digest 94b40dc1734fad1c
  chunk  20 | messages   8,847,856 | through   175,579,926 | timed   2.1926 s |   247.8 ns/msg | book digest a9c5e8e8ec862378
  chunk  21 | messages   8,837,975 | through   184,417,901 | timed   2.2511 s |   254.7 ns/msg | book digest cb722345ea4da4ab
  chunk  22 | messages   8,839,376 | through   193,257,277 | timed   2.1935 s |   248.2 ns/msg | book digest 32dbe8ac0a83e6ff
  chunk  23 | messages   8,835,859 | through   202,093,136 | timed   2.2701 s |   256.9 ns/msg | book digest cad660bc0b837353
  chunk  24 | messages   8,827,776 | through   210,920,912 | timed   2.1760 s |   246.5 ns/msg | book digest c0a44e385af98498
  chunk  25 | messages   8,833,977 | through   219,754,889 | timed   2.2649 s |   256.4 ns/msg | book digest 1e32d1e500621984
  chunk  26 | messages   8,831,683 | through   228,586,572 | timed   2.2480 s |   254.5 ns/msg | book digest aaa0668518a00ecb
  chunk  27 | messages   8,803,627 | through   237,390,199 | timed   2.2294 s |   253.2 ns/msg | book digest 61203766b21bf7fe
  chunk  28 | messages   8,802,069 | through   246,192,268 | timed   2.3169 s |   263.2 ns/msg | book digest 4089f5fa263f1603
  chunk  29 | messages   8,576,476 | through   254,768,744 | timed   2.2064 s |   257.3 ns/msg | book digest a7709cd264906035
  chunk  30 | messages   7,302,290 | through   262,071,034 | timed   1.5536 s |   212.8 ns/msg | book digest 9021568b8a229f5e
  chunk  31 | messages   6,673,746 | through   268,744,780 | timed   1.9220 s |   288.0 ns/msg | book digest 11ff00a1a92507d2

result (per-message latency, cpu 1; chunk times above include the timers and are not throughput)
  TSC over the whole pass (73.4 s): 3.686401 GHz; ns = cycles / 3.686401
  empty timer pair after each chunk, 10,000 samples each, min cycles:
    40 38 38 42 38 44 38 38 38 42 44 42 38 38 44 38 38 40 38 46 40
    44 44 38 38 38 38 38 38 38 38
  empty timer pair after the pass, 100,000 samples: min 36 | p50 40 | p99 44 cycles
  subtracted from every sample, clamped at 0: 36 cycles, the smallest minimum seen (before the pass 36, after the chunks 38 to 46, after the pass 36)
  samples clamped to 0 after overhead subtraction: 0
  percentiles are nearest-rank over every sample

  TSC cycles
  type       messages |     mean |     min |     p50 |     p90 |     p99 |    p99.9 |   p99.99 |        max
  A       117,145,568 |    674.7 |      26 |     624 |    1138 |    2400 |     3242 |    18616 |    9535980
  F         1,485,888 |    765.8 |      28 |     636 |    1638 |    2662 |     4442 |    20480 |     297342
  E         5,722,824 |    948.4 |      24 |     648 |    2418 |    4074 |     5252 |    22938 |    8875674
  C            99,917 |    744.2 |      28 |     352 |    1962 |    3998 |     5168 |    21472 |      43734
  X         2,787,676 |    496.3 |      26 |     216 |    1274 |    3418 |     4518 |     8914 |     153034
  D       114,360,997 |    905.7 |      28 |     648 |    2128 |    3968 |     5122 |    22134 |   11267764
  U        21,639,067 |   1051.9 |      36 |     756 |    2064 |    3906 |     7060 |    23304 |    8664048
  other     5,502,843 |     26.9 |       4 |      22 |      32 |      80 |      576 |      934 |      35414
  orders  263,241,937 |    810.7 |      24 |     636 |    1770 |    3618 |     4912 |    20996 |   11267764
  all     268,744,780 |    794.6 |       4 |     630 |    1756 |    3606 |     4894 |    20832 |   11267764

  nanoseconds
  type       messages |     mean |     min |     p50 |     p90 |     p99 |    p99.9 |   p99.99 |        max
  A       117,145,568 |    183.0 |       7 |     169 |     309 |     651 |      879 |     5050 |    2586799
  F         1,485,888 |    207.7 |       8 |     173 |     444 |     722 |     1205 |     5556 |      80659
  E         5,722,824 |    257.3 |       7 |     176 |     656 |    1105 |     1425 |     6222 |    2407680
  C            99,917 |    201.9 |       8 |      95 |     532 |    1085 |     1402 |     5825 |      11864
  X         2,787,676 |    134.6 |       7 |      59 |     346 |     927 |     1226 |     2418 |      41513
  D       114,360,997 |    245.7 |       8 |     176 |     577 |    1076 |     1389 |     6004 |    3056575
  U        21,639,067 |    285.3 |      10 |     205 |     560 |    1060 |     1915 |     6322 |    2350273
  other     5,502,843 |      7.3 |       1 |       6 |       9 |      22 |      156 |      253 |       9607
  orders  263,241,937 |    219.9 |       7 |     173 |     480 |     981 |     1332 |     5696 |    3056575
  all     268,744,780 |    215.6 |       1 |     171 |     476 |     978 |     1328 |     5651 |    3056575

  messages 268,744,780 of 268,744,780 | trailing bytes 0 | bad_length 0 | dropped_out_of_band 0 | unknown order id 0
  adds on a ladder 139,863,089 | adds in the overflow 407,434 (predicted 407,434) | resting orders at end of file 0
  book digest chain over 31 chunk boundaries: 79026a67a5e5fe07
  checks: PASS
wall time after setup 75 s

RESULT: PASS
exit 0
