=== lob_perf: NASDAQ TotalView-ITCH 5.0 recorded day, mode latency ===
run: 2026-09-23 17:19:18 local | command: lob_perf_latency.exe 01302019.NASDAQ_ITCH50 --cpu 1 --placement first-add
machine
  cpu: Intel(R) Core(TM) Ultra 7 265H | logical processors: 16
  cpu sets (index: efficiency class / core / last-level cache):
    0: 1/0/0 1: 1/1/0 2: 0/2/0 3: 0/3/0 4: 0/4/0 5: 0/5/0 6: 0/6/0 7: 0/7/0
    8: 0/8/0 9: 0/9/0 10: 1/10/0 11: 1/11/0 12: 1/12/0 13: 1/13/0 14: 0/14/14 15: 0/15/14
  os: Windows 10.0 build 26200
  memory: 31.5 GB total, 5.5 GB available at start
  power: AC line online | battery 78% | battery saver off
  compiler: g++ 16.1.0 | flags: -std=c++20 -O3 -march=native -DNDEBUG -Wall -Wextra -pthread -static -I include -DLOB_PERF_LATENCY
  source: git commit b8ea69f059225ae816bb683c0fb57aeade1746b6
  cpu order, fastest type first: 0 1 10 11 12 13 2 3 4 5 6 7 8 9 14 15
tsc
  invariant TSC (CPUID 80000007h EDX bit 8): yes
  CPUID 15h nominal TSC frequency: 3.686400 GHz
  measured against steady_clock (QueryPerformanceCounter on Windows), five 1 s windows: 3.686408 3.686402 3.686401 3.686401 3.686402 GHz | median 3.686402 GHz

pre-scan and sizing (untimed, 98.5 s; placement first-add)
  placement first-add: every ladder 2,048 ticks, centered on the symbol's first add price, grid $0.01 if that price is at least $1.00 and $0.0001 below; pool and id-map capacities from the pre-scan
  file 01302019.NASDAQ_ITCH50 | chunk 268,435,456 bytes | ladder budget 1,024 MB
  bytes 11,245,883,092 | messages 368,366,634 | trailing bytes 0 | bad_length 0 | pre-scan 90.6 s
  by type:
    A 162,970,455 | B 116 | C 158,886 | D 158,273,361 | E 8,096,995 | F 1,725,898 | H 8,805 | I 3,684,511 | J 62
    L 193,769 | P 1,326,184 | Q 17,430 | R 8,714 | S 6 | U 27,222,746 | V 1 | X 4,669,874 | Y 8,821
  books 8,695 | ladders 859 MB | pools 2,276,721 slots | id maps 6,642,368 slots | adds 191,919,099, on the ladders (predicted) 93,816,959

per-message latency | thread pinned to cpu 1 | every message timed
  timed region per message: the book lookup by stock_locate and itch::dispatch_checked<WireUnits>(), between rdtsc_begin() (lfence; rdtsc) and rdtsc_end() (rdtscp; lfence)
  empty timer pair, 100,000 samples: min 36 | p50 40 | p99 42 cycles (before the pass, after 0.5 s of busy spinning; measured again after every chunk and after the pass)
  chunk   1 | messages   9,031,559 | through     9,031,559 | timed   0.8297 s |    91.9 ns/msg | book digest c1909233da6bd73d
  chunk   2 | messages   7,661,645 | through    16,693,204 | timed   2.3196 s |   302.8 ns/msg | book digest 35ace202b2372ba5
  chunk   3 | messages   8,813,751 | through    25,506,955 | timed   2.9553 s |   335.3 ns/msg | book digest ee12c413e7aec9d7
  chunk   4 | messages   8,830,271 | through    34,337,226 | timed   3.0766 s |   348.4 ns/msg | book digest e3ebf4f7728624b1
  chunk   5 | messages   8,841,081 | through    43,178,307 | timed   3.2315 s |   365.5 ns/msg | book digest c7ce2d3b7d1aef38
  chunk   6 | messages   8,841,918 | through    52,020,225 | timed   3.3903 s |   383.4 ns/msg | book digest 768d5e3b4d4aadf7
  chunk   7 | messages   8,851,274 | through    60,871,499 | timed   3.2346 s |   365.4 ns/msg | book digest edc89b1c4e7dff5c
  chunk   8 | messages   8,847,290 | through    69,718,789 | timed   3.3741 s |   381.4 ns/msg | book digest 98297ac800eef764
  chunk   9 | messages   8,850,279 | through    78,569,068 | timed   3.2504 s |   367.3 ns/msg | book digest 6d80cf185da2bbdd
  chunk  10 | messages   8,846,957 | through    87,416,025 | timed   3.3423 s |   377.8 ns/msg | book digest f3b833d52eb39d77
  chunk  11 | messages   8,857,810 | through    96,273,835 | timed   3.3627 s |   379.6 ns/msg | book digest 9d4ff7a281bdb6e0
  chunk  12 | messages   8,864,485 | through   105,138,320 | timed   3.2785 s |   369.8 ns/msg | book digest 3539b159cef55427
  chunk  13 | messages   8,867,382 | through   114,005,702 | timed   3.5194 s |   396.9 ns/msg | book digest 13089b390423ecf2
  chunk  14 | messages   8,869,373 | through   122,875,075 | timed   3.3337 s |   375.9 ns/msg | book digest 1d08a678f7aee3e6
  chunk  15 | messages   8,870,777 | through   131,745,852 | timed   3.2613 s |   367.6 ns/msg | book digest b661faf7e007c261
  chunk  16 | messages   8,866,806 | through   140,612,658 | timed   3.4595 s |   390.2 ns/msg | book digest 1cab53b2d448467a
  chunk  17 | messages   8,871,247 | through   149,483,905 | timed   3.2871 s |   370.5 ns/msg | book digest b244fa143bbecd97
  chunk  18 | messages   8,865,332 | through   158,349,237 | timed   3.5354 s |   398.8 ns/msg | book digest 58de849165da44e9
  chunk  19 | messages   8,867,569 | through   167,216,806 | timed   3.4861 s |   393.1 ns/msg | book digest ab5b53009cf94f22
  chunk  20 | messages   8,869,363 | through   176,086,169 | timed   3.3801 s |   381.1 ns/msg | book digest 8a7cc9c9efbe72d7
  chunk  21 | messages   8,868,798 | through   184,954,967 | timed   3.4418 s |   388.1 ns/msg | book digest fce256ccb933d38c
  chunk  22 | messages   8,872,867 | through   193,827,834 | timed   3.8766 s |   436.9 ns/msg | book digest 40564c8496d17813
  chunk  23 | messages   8,868,122 | through   202,695,956 | timed   3.5967 s |   405.6 ns/msg | book digest bc6bbc54243e09bc
  chunk  24 | messages   8,873,013 | through   211,568,969 | timed   3.6221 s |   408.2 ns/msg | book digest 6e1337417720f0e4
  chunk  25 | messages   8,891,831 | through   220,460,800 | timed   3.7537 s |   422.2 ns/msg | book digest 9fa9ae8a6b67f58b
  chunk  26 | messages   8,802,894 | through   229,263,694 | timed   4.0664 s |   461.9 ns/msg | book digest 08bb89ee4a41757d
  chunk  27 | messages   8,807,774 | through   238,071,468 | timed   3.6584 s |   415.4 ns/msg | book digest d7a6282e1d4be426
  chunk  28 | messages   8,852,723 | through   246,924,191 | timed   3.6501 s |   412.3 ns/msg | book digest 44a8ba4e5ddc385f
  chunk  29 | messages   8,855,881 | through   255,780,072 | timed   3.5708 s |   403.2 ns/msg | book digest 7b35102f956db9e3
  chunk  30 | messages   8,859,057 | through   264,639,129 | timed   3.5701 s |   403.0 ns/msg | book digest 2a685e39ad38295d
  chunk  31 | messages   8,856,447 | through   273,495,576 | timed   3.6476 s |   411.9 ns/msg | book digest f36646e40a160529
  chunk  32 | messages   8,853,835 | through   282,349,411 | timed   3.7029 s |   418.2 ns/msg | book digest a62c831486d02a27
  chunk  33 | messages   8,852,125 | through   291,201,536 | timed   3.6769 s |   415.4 ns/msg | book digest 92c8a5e78cdf802f
  chunk  34 | messages   8,845,598 | through   300,047,134 | timed   3.5497 s |   401.3 ns/msg | book digest 847e4a5e546e8347
  chunk  35 | messages   8,852,137 | through   308,899,271 | timed   3.8224 s |   431.8 ns/msg | book digest feacd1deeffb74ff
  chunk  36 | messages   8,842,900 | through   317,742,171 | timed   3.7693 s |   426.3 ns/msg | book digest d0ed479cc3c54eab
  chunk  37 | messages   8,846,111 | through   326,588,282 | timed   3.5672 s |   403.3 ns/msg | book digest cb79a5f6bbf9880f
  chunk  38 | messages   8,844,406 | through   335,432,688 | timed   3.5138 s |   397.3 ns/msg | book digest dd51f7b2c94ca7fc
  chunk  39 | messages   8,821,644 | through   344,254,332 | timed   3.5015 s |   396.9 ns/msg | book digest 8d87d117d6e96b0e
  chunk  40 | messages   8,782,265 | through   353,036,597 | timed   3.3354 s |   379.8 ns/msg | book digest f091db4758ed7028
  chunk  41 | messages   7,521,990 | through   360,558,587 | timed   2.4462 s |   325.2 ns/msg | book digest 60722612a9a7c632
  chunk  42 | messages   7,808,047 | through   368,366,634 | timed   3.0176 s |   386.5 ns/msg | book digest f7d5c6e84735b480

result (per-message latency, cpu 1; chunk times above include the timers and are not throughput)
  TSC over the whole pass (151.4 s): 3.686401 GHz; ns = cycles / 3.686401
  empty timer pair after each chunk, 10,000 samples each, min cycles:
    38 38 38 40 38 38 38 38 38 38 38 38 38 38 38 40 38 38 44 38 42
    40 38 48 40 44 38 38 44 38 38 38 38 40 42 38 38 44 38 38 44 44
  empty timer pair after the pass, 100,000 samples: min 36 | p50 40 | p99 46 cycles
  subtracted from every sample, clamped at 0: 36 cycles, the smallest minimum seen (before the pass 36, after the chunks 38 to 48, after the pass 36)
  samples clamped to 0 after overhead subtraction: 0
  percentiles are nearest-rank over every sample

  TSC cycles
  type       messages |     mean |     min |     p50 |     p90 |     p99 |    p99.9 |   p99.99 |        max
  A       162,970,455 |   1008.5 |      24 |     706 |    1930 |    5232 |     7276 |    22818 |    4036514
  F         1,725,898 |   1121.6 |      26 |     782 |    2438 |    4610 |     6532 |    25286 |     281232
  E         8,096,995 |   1343.8 |      26 |     752 |    3580 |    7212 |     9644 |    29670 |     879840
  C           158,886 |    998.3 |      28 |     598 |    2428 |    6496 |     8888 |    24978 |     283054
  X         4,669,874 |    760.7 |      24 |     326 |    1888 |    5468 |     8020 |    20202 |     352604
  D       158,273,361 |   1471.8 |      30 |     882 |    3768 |    7198 |     9670 |    29806 |    3375702
  U        27,222,746 |   2082.7 |      38 |    1354 |    5004 |    8028 |    11118 |    38714 |    1041888
  other     5,248,419 |     30.4 |       4 |      26 |      34 |     122 |      608 |     1064 |     246386
  orders  363,118,215 |   1295.8 |      24 |     762 |    3180 |    6734 |     9316 |    27164 |    4036514
  all     368,366,634 |   1277.7 |       4 |     752 |    3150 |    6716 |     9296 |    26940 |    4036514

  nanoseconds
  type       messages |     mean |     min |     p50 |     p90 |     p99 |    p99.9 |   p99.99 |        max
  A       162,970,455 |    273.6 |       7 |     192 |     524 |    1419 |     1974 |     6190 |    1094974
  F         1,725,898 |    304.2 |       7 |     212 |     661 |    1251 |     1772 |     6859 |      76289
  E         8,096,995 |    364.5 |       7 |     204 |     971 |    1956 |     2616 |     8048 |     238672
  C           158,886 |    270.8 |       8 |     162 |     659 |    1762 |     2411 |     6776 |      76783
  X         4,669,874 |    206.4 |       7 |      88 |     512 |    1483 |     2176 |     5480 |      95650
  D       158,273,361 |    399.2 |       8 |     239 |    1022 |    1953 |     2623 |     8085 |     915717
  U        27,222,746 |    565.0 |      10 |     367 |    1357 |    2178 |     3016 |    10502 |     282630
  other     5,248,419 |      8.3 |       1 |       7 |       9 |      33 |      165 |      289 |      66836
  orders  363,118,215 |    351.5 |       7 |     207 |     863 |    1827 |     2527 |     7369 |    1094974
  all     368,366,634 |    346.6 |       1 |     204 |     854 |    1822 |     2522 |     7308 |    1094974

  messages 368,366,634 of 368,366,634 | trailing bytes 0 | bad_length 0 | dropped_out_of_band 0 | unknown order id 0
  adds on a ladder 93,816,959 | adds in the overflow 98,102,140 (predicted 98,102,140) | resting orders at end of file 0
  book digest chain over 42 chunk boundaries: 17b49d11d49913b3
  checks: PASS
wall time after setup 152 s

RESULT: PASS
exit 0
