=== lob_perf: NASDAQ TotalView-ITCH 5.0 recorded day, mode demux ===
run: 2026-09-21 02:21:14 local | command: lob_perf.exe 01302019.NASDAQ_ITCH50 --mode demux --workers 1,2,3,4,5,8,13
machine
  cpu: Intel(R) Core(TM) Ultra 7 265H | logical processors: 16
  cpu sets (index: efficiency class / core / last-level cache):
    0: 1/0/0 1: 1/1/0 2: 0/2/0 3: 0/3/0 4: 0/4/0 5: 0/5/0 6: 0/6/0 7: 0/7/0
    8: 0/8/0 9: 0/9/0 10: 1/10/0 11: 1/11/0 12: 1/12/0 13: 1/13/0 14: 0/14/14 15: 0/15/14
  os: Windows 10.0 build 26200
  memory: 31.5 GB total, 10.0 GB available at start
  power: AC line online | battery 100% | battery saver off
  compiler: g++ 16.1.0 | flags: -std=c++20 -O3 -march=native -DNDEBUG -Wall -Wextra -pthread -static -I include
  source: git commit 380902a3597da1ee8133e4db72e3461370b06d18
  cpu order, fastest type first: 0 1 10 11 12 13 2 3 4 5 6 7 8 9 14 15
tsc
  invariant TSC (CPUID 80000007h EDX bit 8): yes
  CPUID 15h nominal TSC frequency: 3.686400 GHz
  measured against steady_clock (QueryPerformanceCounter on Windows), five 1 s windows: 3.686404 3.686398 3.686398 3.686398 3.686398 GHz | median 3.686398 GHz

pre-scan and sizing (untimed, 96.2 s; the same as lob_replay's)
  file 01302019.NASDAQ_ITCH50 | chunk 268,435,456 bytes | ladder budget 1,024 MB
  bytes 11,245,883,092 | messages 368,366,634 | trailing bytes 0 | bad_length 0 | pre-scan 84.8 s
  by type:
    A 162,970,455 | B 116 | C 158,886 | D 158,273,361 | E 8,096,995 | F 1,725,898 | H 8,805 | I 3,684,511 | J 62
    L 193,769 | P 1,326,184 | Q 17,430 | R 8,714 | S 6 | U 27,222,746 | V 1 | X 4,669,874 | Y 8,821
  books 8,695 | ladders 1024 MB | pools 2,276,721 slots | id maps 6,642,368 slots | adds 191,919,099, on the ladders (predicted) 191,722,488

demux, W = 1 workers | demux cpu 0 | worker cpus 1 | shard = stock_locate % 1 | timed: first push of a chunk to all rings drained
  chunk   1 | messages   9,031,559 | through     9,031,559 | timed   0.3254 s |    36.0 ns/msg | book digest c1909233da6bd73d
  chunk   2 | messages   7,661,645 | through    16,693,204 | timed   0.7076 s |    92.4 ns/msg | book digest 35ace202b2372ba5
  chunk   3 | messages   8,813,751 | through    25,506,955 | timed   0.9927 s |   112.6 ns/msg | book digest ee12c413e7aec9d7
  chunk   4 | messages   8,830,271 | through    34,337,226 | timed   1.1217 s |   127.0 ns/msg | book digest e3ebf4f7728624b1
  chunk   5 | messages   8,841,081 | through    43,178,307 | timed   1.0823 s |   122.4 ns/msg | book digest c7ce2d3b7d1aef38
  chunk   6 | messages   8,841,918 | through    52,020,225 | timed   0.9277 s |   104.9 ns/msg | book digest 768d5e3b4d4aadf7
  chunk   7 | messages   8,851,274 | through    60,871,499 | timed   0.9104 s |   102.9 ns/msg | book digest edc89b1c4e7dff5c
  chunk   8 | messages   8,847,290 | through    69,718,789 | timed   0.9851 s |   111.3 ns/msg | book digest 98297ac800eef764
  chunk   9 | messages   8,850,279 | through    78,569,068 | timed   1.0890 s |   123.0 ns/msg | book digest 6d80cf185da2bbdd
  chunk  10 | messages   8,846,957 | through    87,416,025 | timed   1.1004 s |   124.4 ns/msg | book digest f3b833d52eb39d77
  chunk  11 | messages   8,857,810 | through    96,273,835 | timed   1.1449 s |   129.3 ns/msg | book digest 9d4ff7a281bdb6e0
  chunk  12 | messages   8,864,485 | through   105,138,320 | timed   0.9223 s |   104.0 ns/msg | book digest 3539b159cef55427
  chunk  13 | messages   8,867,382 | through   114,005,702 | timed   0.9177 s |   103.5 ns/msg | book digest 13089b390423ecf2
  chunk  14 | messages   8,869,373 | through   122,875,075 | timed   0.9915 s |   111.8 ns/msg | book digest 1d08a678f7aee3e6
  chunk  15 | messages   8,870,777 | through   131,745,852 | timed   1.1512 s |   129.8 ns/msg | book digest b661faf7e007c261
  chunk  16 | messages   8,866,806 | through   140,612,658 | timed   1.1219 s |   126.5 ns/msg | book digest 1cab53b2d448467a
  chunk  17 | messages   8,871,247 | through   149,483,905 | timed   1.0860 s |   122.4 ns/msg | book digest b244fa143bbecd97
  chunk  18 | messages   8,865,332 | through   158,349,237 | timed   0.9275 s |   104.6 ns/msg | book digest 58de849165da44e9
  chunk  19 | messages   8,867,569 | through   167,216,806 | timed   0.9077 s |   102.4 ns/msg | book digest ab5b53009cf94f22
  chunk  20 | messages   8,869,363 | through   176,086,169 | timed   1.1272 s |   127.1 ns/msg | book digest 8a7cc9c9efbe72d7
  chunk  21 | messages   8,868,798 | through   184,954,967 | timed   1.0620 s |   119.7 ns/msg | book digest fce256ccb933d38c
  chunk  22 | messages   8,872,867 | through   193,827,834 | timed   1.1892 s |   134.0 ns/msg | book digest 40564c8496d17813
  chunk  23 | messages   8,868,122 | through   202,695,956 | timed   0.9541 s |   107.6 ns/msg | book digest bc6bbc54243e09bc
  chunk  24 | messages   8,873,013 | through   211,568,969 | timed   0.8900 s |   100.3 ns/msg | book digest 6e1337417720f0e4
  chunk  25 | messages   8,891,831 | through   220,460,800 | timed   0.9136 s |   102.7 ns/msg | book digest 9fa9ae8a6b67f58b
  chunk  26 | messages   8,802,894 | through   229,263,694 | timed   1.1791 s |   133.9 ns/msg | book digest 08bb89ee4a41757d
  chunk  27 | messages   8,807,774 | through   238,071,468 | timed   1.1095 s |   126.0 ns/msg | book digest d7a6282e1d4be426
  chunk  28 | messages   8,852,723 | through   246,924,191 | timed   1.1535 s |   130.3 ns/msg | book digest 44a8ba4e5ddc385f
  chunk  29 | messages   8,855,881 | through   255,780,072 | timed   0.9657 s |   109.0 ns/msg | book digest 7b35102f956db9e3
  chunk  30 | messages   8,859,057 | through   264,639,129 | timed   0.9133 s |   103.1 ns/msg | book digest 2a685e39ad38295d
  chunk  31 | messages   8,856,447 | through   273,495,576 | timed   0.9899 s |   111.8 ns/msg | book digest f36646e40a160529
  chunk  32 | messages   8,853,835 | through   282,349,411 | timed   1.1624 s |   131.3 ns/msg | book digest a62c831486d02a27
  chunk  33 | messages   8,852,125 | through   291,201,536 | timed   1.1686 s |   132.0 ns/msg | book digest 92c8a5e78cdf802f
  chunk  34 | messages   8,845,598 | through   300,047,134 | timed   1.1175 s |   126.3 ns/msg | book digest 847e4a5e546e8347
  chunk  35 | messages   8,852,137 | through   308,899,271 | timed   0.9639 s |   108.9 ns/msg | book digest feacd1deeffb74ff
  chunk  36 | messages   8,842,900 | through   317,742,171 | timed   0.9599 s |   108.5 ns/msg | book digest d0ed479cc3c54eab
  chunk  37 | messages   8,846,111 | through   326,588,282 | timed   1.1524 s |   130.3 ns/msg | book digest cb79a5f6bbf9880f
  chunk  38 | messages   8,844,406 | through   335,432,688 | timed   1.1117 s |   125.7 ns/msg | book digest dd51f7b2c94ca7fc
  chunk  39 | messages   8,821,644 | through   344,254,332 | timed   1.1628 s |   131.8 ns/msg | book digest 8d87d117d6e96b0e
  chunk  40 | messages   8,782,265 | through   353,036,597 | timed   0.9683 s |   110.3 ns/msg | book digest f091db4758ed7028
  chunk  41 | messages   7,521,990 | through   360,558,587 | timed   0.6950 s |    92.4 ns/msg | book digest 60722612a9a7c632
  chunk  42 | messages   7,808,047 | through   368,366,634 | timed   0.9807 s |   125.6 ns/msg | book digest f7d5c6e84735b480

result (demux, W = 1)
  timed 42.303 s for 368,366,634 messages | aggregate 8.71 M msgs/s | 114.84 ns/msg
  messages per worker: min 368,366,634 max 368,366,634 (max / mean 1.00)
  messages 368,366,634 of 368,366,634 | trailing bytes 0 | bad_length 0 | dropped_out_of_band 0 | unknown order id 0
  adds in the overflow 196,611 (predicted 196,611) | resting orders at end of file 0
  book digest chain over 42 chunk boundaries: 17b49d11d49913b3
  checks: PASS

demux, W = 2 workers | demux cpu 0 | worker cpus 1 10 | shard = stock_locate % 2 | timed: first push of a chunk to all rings drained
  chunk   1 | messages   9,031,559 | through     9,031,559 | timed   0.2683 s |    29.7 ns/msg | book digest c1909233da6bd73d
  chunk   2 | messages   7,661,645 | through    16,693,204 | timed   0.4154 s |    54.2 ns/msg | book digest 35ace202b2372ba5
  chunk   3 | messages   8,813,751 | through    25,506,955 | timed   0.5081 s |    57.6 ns/msg | book digest ee12c413e7aec9d7
  chunk   4 | messages   8,830,271 | through    34,337,226 | timed   0.5349 s |    60.6 ns/msg | book digest e3ebf4f7728624b1
  chunk   5 | messages   8,841,081 | through    43,178,307 | timed   0.4825 s |    54.6 ns/msg | book digest c7ce2d3b7d1aef38
  chunk   6 | messages   8,841,918 | through    52,020,225 | timed   0.4267 s |    48.3 ns/msg | book digest 768d5e3b4d4aadf7
  chunk   7 | messages   8,851,274 | through    60,871,499 | timed   0.4222 s |    47.7 ns/msg | book digest edc89b1c4e7dff5c
  chunk   8 | messages   8,847,290 | through    69,718,789 | timed   0.4247 s |    48.0 ns/msg | book digest 98297ac800eef764
  chunk   9 | messages   8,850,279 | through    78,569,068 | timed   0.4323 s |    48.8 ns/msg | book digest 6d80cf185da2bbdd
  chunk  10 | messages   8,846,957 | through    87,416,025 | timed   0.4075 s |    46.1 ns/msg | book digest f3b833d52eb39d77
  chunk  11 | messages   8,857,810 | through    96,273,835 | timed   0.5253 s |    59.3 ns/msg | book digest 9d4ff7a281bdb6e0
  chunk  12 | messages   8,864,485 | through   105,138,320 | timed   0.5505 s |    62.1 ns/msg | book digest 3539b159cef55427
  chunk  13 | messages   8,867,382 | through   114,005,702 | timed   0.5314 s |    59.9 ns/msg | book digest 13089b390423ecf2
  chunk  14 | messages   8,869,373 | through   122,875,075 | timed   0.5035 s |    56.8 ns/msg | book digest 1d08a678f7aee3e6
  chunk  15 | messages   8,870,777 | through   131,745,852 | timed   0.5453 s |    61.5 ns/msg | book digest b661faf7e007c261
  chunk  16 | messages   8,866,806 | through   140,612,658 | timed   0.4576 s |    51.6 ns/msg | book digest 1cab53b2d448467a
  chunk  17 | messages   8,871,247 | through   149,483,905 | timed   0.4299 s |    48.5 ns/msg | book digest b244fa143bbecd97
  chunk  18 | messages   8,865,332 | through   158,349,237 | timed   0.4341 s |    49.0 ns/msg | book digest 58de849165da44e9
  chunk  19 | messages   8,867,569 | through   167,216,806 | timed   0.4114 s |    46.4 ns/msg | book digest ab5b53009cf94f22
  chunk  20 | messages   8,869,363 | through   176,086,169 | timed   0.4069 s |    45.9 ns/msg | book digest 8a7cc9c9efbe72d7
  chunk  21 | messages   8,868,798 | through   184,954,967 | timed   0.4857 s |    54.8 ns/msg | book digest fce256ccb933d38c
  chunk  22 | messages   8,872,867 | through   193,827,834 | timed   0.5124 s |    57.8 ns/msg | book digest 40564c8496d17813
  chunk  23 | messages   8,868,122 | through   202,695,956 | timed   0.5063 s |    57.1 ns/msg | book digest bc6bbc54243e09bc
  chunk  24 | messages   8,873,013 | through   211,568,969 | timed   0.5375 s |    60.6 ns/msg | book digest 6e1337417720f0e4
  chunk  25 | messages   8,891,831 | through   220,460,800 | timed   0.5523 s |    62.1 ns/msg | book digest 9fa9ae8a6b67f58b
  chunk  26 | messages   8,802,894 | through   229,263,694 | timed   0.5355 s |    60.8 ns/msg | book digest 08bb89ee4a41757d
  chunk  27 | messages   8,807,774 | through   238,071,468 | timed   0.4164 s |    47.3 ns/msg | book digest d7a6282e1d4be426
  chunk  28 | messages   8,852,723 | through   246,924,191 | timed   0.4197 s |    47.4 ns/msg | book digest 44a8ba4e5ddc385f
  chunk  29 | messages   8,855,881 | through   255,780,072 | timed   0.4202 s |    47.5 ns/msg | book digest 7b35102f956db9e3
  chunk  30 | messages   8,859,057 | through   264,639,129 | timed   0.4267 s |    48.2 ns/msg | book digest 2a685e39ad38295d
  chunk  31 | messages   8,856,447 | through   273,495,576 | timed   0.4354 s |    49.2 ns/msg | book digest f36646e40a160529
  chunk  32 | messages   8,853,835 | through   282,349,411 | timed   0.5106 s |    57.7 ns/msg | book digest a62c831486d02a27
  chunk  33 | messages   8,852,125 | through   291,201,536 | timed   0.5686 s |    64.2 ns/msg | book digest 92c8a5e78cdf802f
  chunk  34 | messages   8,845,598 | through   300,047,134 | timed   0.5556 s |    62.8 ns/msg | book digest 847e4a5e546e8347
  chunk  35 | messages   8,852,137 | through   308,899,271 | timed   0.5727 s |    64.7 ns/msg | book digest feacd1deeffb74ff
  chunk  36 | messages   8,842,900 | through   317,742,171 | timed   0.5749 s |    65.0 ns/msg | book digest d0ed479cc3c54eab
  chunk  37 | messages   8,846,111 | through   326,588,282 | timed   0.5002 s |    56.5 ns/msg | book digest cb79a5f6bbf9880f
  chunk  38 | messages   8,844,406 | through   335,432,688 | timed   0.4493 s |    50.8 ns/msg | book digest dd51f7b2c94ca7fc
  chunk  39 | messages   8,821,644 | through   344,254,332 | timed   0.4335 s |    49.1 ns/msg | book digest 8d87d117d6e96b0e
  chunk  40 | messages   8,782,265 | through   353,036,597 | timed   0.4279 s |    48.7 ns/msg | book digest f091db4758ed7028
  chunk  41 | messages   7,521,990 | through   360,558,587 | timed   0.3291 s |    43.7 ns/msg | book digest 60722612a9a7c632
  chunk  42 | messages   7,808,047 | through   368,366,634 | timed   0.4301 s |    55.1 ns/msg | book digest f7d5c6e84735b480

result (demux, W = 2)
  timed 19.719 s for 368,366,634 messages | aggregate 18.68 M msgs/s | 53.53 ns/msg
  messages per worker: min 178,688,550 max 189,678,084 (max / mean 1.03)
  messages 368,366,634 of 368,366,634 | trailing bytes 0 | bad_length 0 | dropped_out_of_band 0 | unknown order id 0
  adds in the overflow 196,611 (predicted 196,611) | resting orders at end of file 0
  book digest chain over 42 chunk boundaries: 17b49d11d49913b3
  checks: PASS

demux, W = 3 workers | demux cpu 0 | worker cpus 1 10 11 | shard = stock_locate % 3 | timed: first push of a chunk to all rings drained
  chunk   1 | messages   9,031,559 | through     9,031,559 | timed   0.3307 s |    36.6 ns/msg | book digest c1909233da6bd73d
  chunk   2 | messages   7,661,645 | through    16,693,204 | timed   0.2788 s |    36.4 ns/msg | book digest 35ace202b2372ba5
  chunk   3 | messages   8,813,751 | through    25,506,955 | timed   0.3164 s |    35.9 ns/msg | book digest ee12c413e7aec9d7
  chunk   4 | messages   8,830,271 | through    34,337,226 | timed   0.3290 s |    37.3 ns/msg | book digest e3ebf4f7728624b1
  chunk   5 | messages   8,841,081 | through    43,178,307 | timed   0.3346 s |    37.9 ns/msg | book digest c7ce2d3b7d1aef38
  chunk   6 | messages   8,841,918 | through    52,020,225 | timed   0.3479 s |    39.4 ns/msg | book digest 768d5e3b4d4aadf7
  chunk   7 | messages   8,851,274 | through    60,871,499 | timed   0.2372 s |    26.8 ns/msg | book digest edc89b1c4e7dff5c
  chunk   8 | messages   8,847,290 | through    69,718,789 | timed   0.2403 s |    27.2 ns/msg | book digest 98297ac800eef764
  chunk   9 | messages   8,850,279 | through    78,569,068 | timed   0.2406 s |    27.2 ns/msg | book digest 6d80cf185da2bbdd
  chunk  10 | messages   8,846,957 | through    87,416,025 | timed   0.2454 s |    27.7 ns/msg | book digest f3b833d52eb39d77
  chunk  11 | messages   8,857,810 | through    96,273,835 | timed   0.2524 s |    28.5 ns/msg | book digest 9d4ff7a281bdb6e0
  chunk  12 | messages   8,864,485 | through   105,138,320 | timed   0.2436 s |    27.5 ns/msg | book digest 3539b159cef55427
  chunk  13 | messages   8,867,382 | through   114,005,702 | timed   0.2297 s |    25.9 ns/msg | book digest 13089b390423ecf2
  chunk  14 | messages   8,869,373 | through   122,875,075 | timed   0.3094 s |    34.9 ns/msg | book digest 1d08a678f7aee3e6
  chunk  15 | messages   8,870,777 | through   131,745,852 | timed   0.3402 s |    38.4 ns/msg | book digest b661faf7e007c261
  chunk  16 | messages   8,866,806 | through   140,612,658 | timed   0.3490 s |    39.4 ns/msg | book digest 1cab53b2d448467a
  chunk  17 | messages   8,871,247 | through   149,483,905 | timed   0.3520 s |    39.7 ns/msg | book digest b244fa143bbecd97
  chunk  18 | messages   8,865,332 | through   158,349,237 | timed   0.3070 s |    34.6 ns/msg | book digest 58de849165da44e9
  chunk  19 | messages   8,867,569 | through   167,216,806 | timed   0.3470 s |    39.1 ns/msg | book digest ab5b53009cf94f22
  chunk  20 | messages   8,869,363 | through   176,086,169 | timed   0.3488 s |    39.3 ns/msg | book digest 8a7cc9c9efbe72d7
  chunk  21 | messages   8,868,798 | through   184,954,967 | timed   0.2536 s |    28.6 ns/msg | book digest fce256ccb933d38c
  chunk  22 | messages   8,872,867 | through   193,827,834 | timed   0.2444 s |    27.5 ns/msg | book digest 40564c8496d17813
  chunk  23 | messages   8,868,122 | through   202,695,956 | timed   0.2560 s |    28.9 ns/msg | book digest bc6bbc54243e09bc
  chunk  24 | messages   8,873,013 | through   211,568,969 | timed   0.2421 s |    27.3 ns/msg | book digest 6e1337417720f0e4
  chunk  25 | messages   8,891,831 | through   220,460,800 | timed   0.2497 s |    28.1 ns/msg | book digest 9fa9ae8a6b67f58b
  chunk  26 | messages   8,802,894 | through   229,263,694 | timed   0.2498 s |    28.4 ns/msg | book digest 08bb89ee4a41757d
  chunk  27 | messages   8,807,774 | through   238,071,468 | timed   0.2426 s |    27.5 ns/msg | book digest d7a6282e1d4be426
  chunk  28 | messages   8,852,723 | through   246,924,191 | timed   0.2749 s |    31.1 ns/msg | book digest 44a8ba4e5ddc385f
  chunk  29 | messages   8,855,881 | through   255,780,072 | timed   0.3439 s |    38.8 ns/msg | book digest 7b35102f956db9e3
  chunk  30 | messages   8,859,057 | through   264,639,129 | timed   0.3404 s |    38.4 ns/msg | book digest 2a685e39ad38295d
  chunk  31 | messages   8,856,447 | through   273,495,576 | timed   0.3546 s |    40.0 ns/msg | book digest f36646e40a160529
  chunk  32 | messages   8,853,835 | through   282,349,411 | timed   0.3539 s |    40.0 ns/msg | book digest a62c831486d02a27
  chunk  33 | messages   8,852,125 | through   291,201,536 | timed   0.3500 s |    39.5 ns/msg | book digest 92c8a5e78cdf802f
  chunk  34 | messages   8,845,598 | through   300,047,134 | timed   0.3472 s |    39.3 ns/msg | book digest 847e4a5e546e8347
  chunk  35 | messages   8,852,137 | through   308,899,271 | timed   0.3556 s |    40.2 ns/msg | book digest feacd1deeffb74ff
  chunk  36 | messages   8,842,900 | through   317,742,171 | timed   0.2690 s |    30.4 ns/msg | book digest d0ed479cc3c54eab
  chunk  37 | messages   8,846,111 | through   326,588,282 | timed   0.2634 s |    29.8 ns/msg | book digest cb79a5f6bbf9880f
  chunk  38 | messages   8,844,406 | through   335,432,688 | timed   0.2599 s |    29.4 ns/msg | book digest dd51f7b2c94ca7fc
  chunk  39 | messages   8,821,644 | through   344,254,332 | timed   0.2571 s |    29.1 ns/msg | book digest 8d87d117d6e96b0e
  chunk  40 | messages   8,782,265 | through   353,036,597 | timed   0.2709 s |    30.8 ns/msg | book digest f091db4758ed7028
  chunk  41 | messages   7,521,990 | through   360,558,587 | timed   0.1809 s |    24.0 ns/msg | book digest 60722612a9a7c632
  chunk  42 | messages   7,808,047 | through   368,366,634 | timed   0.2627 s |    33.6 ns/msg | book digest f7d5c6e84735b480

result (demux, W = 3)
  timed 12.203 s for 368,366,634 messages | aggregate 30.19 M msgs/s | 33.13 ns/msg
  messages per worker: min 120,286,452 max 126,637,385 (max / mean 1.03)
  messages 368,366,634 of 368,366,634 | trailing bytes 0 | bad_length 0 | dropped_out_of_band 0 | unknown order id 0
  adds in the overflow 196,611 (predicted 196,611) | resting orders at end of file 0
  book digest chain over 42 chunk boundaries: 17b49d11d49913b3
  checks: PASS

demux, W = 4 workers | demux cpu 0 | worker cpus 1 10 11 12 | shard = stock_locate % 4 | timed: first push of a chunk to all rings drained
  chunk   1 | messages   9,031,559 | through     9,031,559 | timed   0.3717 s |    41.2 ns/msg | book digest c1909233da6bd73d
  chunk   2 | messages   7,661,645 | through    16,693,204 | timed   0.2244 s |    29.3 ns/msg | book digest 35ace202b2372ba5
  chunk   3 | messages   8,813,751 | through    25,506,955 | timed   0.2346 s |    26.6 ns/msg | book digest ee12c413e7aec9d7
  chunk   4 | messages   8,830,271 | through    34,337,226 | timed   0.2451 s |    27.8 ns/msg | book digest e3ebf4f7728624b1
  chunk   5 | messages   8,841,081 | through    43,178,307 | timed   0.1847 s |    20.9 ns/msg | book digest c7ce2d3b7d1aef38
  chunk   6 | messages   8,841,918 | through    52,020,225 | timed   0.2496 s |    28.2 ns/msg | book digest 768d5e3b4d4aadf7
  chunk   7 | messages   8,851,274 | through    60,871,499 | timed   0.2477 s |    28.0 ns/msg | book digest edc89b1c4e7dff5c
  chunk   8 | messages   8,847,290 | through    69,718,789 | timed   0.2187 s |    24.7 ns/msg | book digest 98297ac800eef764
  chunk   9 | messages   8,850,279 | through    78,569,068 | timed   0.1789 s |    20.2 ns/msg | book digest 6d80cf185da2bbdd
  chunk  10 | messages   8,846,957 | through    87,416,025 | timed   0.1756 s |    19.8 ns/msg | book digest f3b833d52eb39d77
  chunk  11 | messages   8,857,810 | through    96,273,835 | timed   0.1736 s |    19.6 ns/msg | book digest 9d4ff7a281bdb6e0
  chunk  12 | messages   8,864,485 | through   105,138,320 | timed   0.1875 s |    21.2 ns/msg | book digest 3539b159cef55427
  chunk  13 | messages   8,867,382 | through   114,005,702 | timed   0.1742 s |    19.6 ns/msg | book digest 13089b390423ecf2
  chunk  14 | messages   8,869,373 | through   122,875,075 | timed   0.1820 s |    20.5 ns/msg | book digest 1d08a678f7aee3e6
  chunk  15 | messages   8,870,777 | through   131,745,852 | timed   0.1689 s |    19.0 ns/msg | book digest b661faf7e007c261
  chunk  16 | messages   8,866,806 | through   140,612,658 | timed   0.1759 s |    19.8 ns/msg | book digest 1cab53b2d448467a
  chunk  17 | messages   8,871,247 | through   149,483,905 | timed   0.2024 s |    22.8 ns/msg | book digest b244fa143bbecd97
  chunk  18 | messages   8,865,332 | through   158,349,237 | timed   0.2505 s |    28.3 ns/msg | book digest 58de849165da44e9
  chunk  19 | messages   8,867,569 | through   167,216,806 | timed   0.2505 s |    28.2 ns/msg | book digest ab5b53009cf94f22
  chunk  20 | messages   8,869,363 | through   176,086,169 | timed   0.2475 s |    27.9 ns/msg | book digest 8a7cc9c9efbe72d7
  chunk  21 | messages   8,868,798 | through   184,954,967 | timed   0.2528 s |    28.5 ns/msg | book digest fce256ccb933d38c
  chunk  22 | messages   8,872,867 | through   193,827,834 | timed   0.2503 s |    28.2 ns/msg | book digest 40564c8496d17813
  chunk  23 | messages   8,868,122 | through   202,695,956 | timed   0.2515 s |    28.4 ns/msg | book digest bc6bbc54243e09bc
  chunk  24 | messages   8,873,013 | through   211,568,969 | timed   0.2480 s |    27.9 ns/msg | book digest 6e1337417720f0e4
  chunk  25 | messages   8,891,831 | through   220,460,800 | timed   0.2534 s |    28.5 ns/msg | book digest 9fa9ae8a6b67f58b
  chunk  26 | messages   8,802,894 | through   229,263,694 | timed   0.1728 s |    19.6 ns/msg | book digest 08bb89ee4a41757d
  chunk  27 | messages   8,807,774 | through   238,071,468 | timed   0.1807 s |    20.5 ns/msg | book digest d7a6282e1d4be426
  chunk  28 | messages   8,852,723 | through   246,924,191 | timed   0.1725 s |    19.5 ns/msg | book digest 44a8ba4e5ddc385f
  chunk  29 | messages   8,855,881 | through   255,780,072 | timed   0.1751 s |    19.8 ns/msg | book digest 7b35102f956db9e3
  chunk  30 | messages   8,859,057 | through   264,639,129 | timed   0.1759 s |    19.9 ns/msg | book digest 2a685e39ad38295d
  chunk  31 | messages   8,856,447 | through   273,495,576 | timed   0.1777 s |    20.1 ns/msg | book digest f36646e40a160529
  chunk  32 | messages   8,853,835 | through   282,349,411 | timed   0.1799 s |    20.3 ns/msg | book digest a62c831486d02a27
  chunk  33 | messages   8,852,125 | through   291,201,536 | timed   0.1801 s |    20.3 ns/msg | book digest 92c8a5e78cdf802f
  chunk  34 | messages   8,845,598 | through   300,047,134 | timed   0.2254 s |    25.5 ns/msg | book digest 847e4a5e546e8347
  chunk  35 | messages   8,852,137 | through   308,899,271 | timed   0.2557 s |    28.9 ns/msg | book digest feacd1deeffb74ff
  chunk  36 | messages   8,842,900 | through   317,742,171 | timed   0.2585 s |    29.2 ns/msg | book digest d0ed479cc3c54eab
  chunk  37 | messages   8,846,111 | through   326,588,282 | timed   0.2622 s |    29.6 ns/msg | book digest cb79a5f6bbf9880f
  chunk  38 | messages   8,844,406 | through   335,432,688 | timed   0.2559 s |    28.9 ns/msg | book digest dd51f7b2c94ca7fc
  chunk  39 | messages   8,821,644 | through   344,254,332 | timed   0.2620 s |    29.7 ns/msg | book digest 8d87d117d6e96b0e
  chunk  40 | messages   8,782,265 | through   353,036,597 | timed   0.2580 s |    29.4 ns/msg | book digest f091db4758ed7028
  chunk  41 | messages   7,521,990 | through   360,558,587 | timed   0.1254 s |    16.7 ns/msg | book digest 60722612a9a7c632
  chunk  42 | messages   7,808,047 | through   368,366,634 | timed   0.2534 s |    32.5 ns/msg | book digest f7d5c6e84735b480

result (demux, W = 4)
  timed 9.171 s for 368,366,634 messages | aggregate 40.16 M msgs/s | 24.90 ns/msg
  messages per worker: min 86,360,345 max 96,561,761 (max / mean 1.05)
  messages 368,366,634 of 368,366,634 | trailing bytes 0 | bad_length 0 | dropped_out_of_band 0 | unknown order id 0
  adds in the overflow 196,611 (predicted 196,611) | resting orders at end of file 0
  book digest chain over 42 chunk boundaries: 17b49d11d49913b3
  checks: PASS

demux, W = 5 workers | demux cpu 0 | worker cpus 1 10 11 12 13 | shard = stock_locate % 5 | timed: first push of a chunk to all rings drained
  chunk   1 | messages   9,031,559 | through     9,031,559 | timed   0.2140 s |    23.7 ns/msg | book digest c1909233da6bd73d
  chunk   2 | messages   7,661,645 | through    16,693,204 | timed   0.1239 s |    16.2 ns/msg | book digest 35ace202b2372ba5
  chunk   3 | messages   8,813,751 | through    25,506,955 | timed   0.1241 s |    14.1 ns/msg | book digest ee12c413e7aec9d7
  chunk   4 | messages   8,830,271 | through    34,337,226 | timed   0.1437 s |    16.3 ns/msg | book digest e3ebf4f7728624b1
  chunk   5 | messages   8,841,081 | through    43,178,307 | timed   0.1347 s |    15.2 ns/msg | book digest c7ce2d3b7d1aef38
  chunk   6 | messages   8,841,918 | through    52,020,225 | timed   0.1390 s |    15.7 ns/msg | book digest 768d5e3b4d4aadf7
  chunk   7 | messages   8,851,274 | through    60,871,499 | timed   0.1350 s |    15.3 ns/msg | book digest edc89b1c4e7dff5c
  chunk   8 | messages   8,847,290 | through    69,718,789 | timed   0.1360 s |    15.4 ns/msg | book digest 98297ac800eef764
  chunk   9 | messages   8,850,279 | through    78,569,068 | timed   0.1973 s |    22.3 ns/msg | book digest 6d80cf185da2bbdd
  chunk  10 | messages   8,846,957 | through    87,416,025 | timed   0.1960 s |    22.2 ns/msg | book digest f3b833d52eb39d77
  chunk  11 | messages   8,857,810 | through    96,273,835 | timed   0.1971 s |    22.2 ns/msg | book digest 9d4ff7a281bdb6e0
  chunk  12 | messages   8,864,485 | through   105,138,320 | timed   0.1942 s |    21.9 ns/msg | book digest 3539b159cef55427
  chunk  13 | messages   8,867,382 | through   114,005,702 | timed   0.1949 s |    22.0 ns/msg | book digest 13089b390423ecf2
  chunk  14 | messages   8,869,373 | through   122,875,075 | timed   0.1935 s |    21.8 ns/msg | book digest 1d08a678f7aee3e6
  chunk  15 | messages   8,870,777 | through   131,745,852 | timed   0.1862 s |    21.0 ns/msg | book digest b661faf7e007c261
  chunk  16 | messages   8,866,806 | through   140,612,658 | timed   0.1994 s |    22.5 ns/msg | book digest 1cab53b2d448467a
  chunk  17 | messages   8,871,247 | through   149,483,905 | timed   0.1953 s |    22.0 ns/msg | book digest b244fa143bbecd97
  chunk  18 | messages   8,865,332 | through   158,349,237 | timed   0.1725 s |    19.5 ns/msg | book digest 58de849165da44e9
  chunk  19 | messages   8,867,569 | through   167,216,806 | timed   0.1379 s |    15.6 ns/msg | book digest ab5b53009cf94f22
  chunk  20 | messages   8,869,363 | through   176,086,169 | timed   0.1388 s |    15.7 ns/msg | book digest 8a7cc9c9efbe72d7
  chunk  21 | messages   8,868,798 | through   184,954,967 | timed   0.1415 s |    16.0 ns/msg | book digest fce256ccb933d38c
  chunk  22 | messages   8,872,867 | through   193,827,834 | timed   0.1403 s |    15.8 ns/msg | book digest 40564c8496d17813
  chunk  23 | messages   8,868,122 | through   202,695,956 | timed   0.1363 s |    15.4 ns/msg | book digest bc6bbc54243e09bc
  chunk  24 | messages   8,873,013 | through   211,568,969 | timed   0.1392 s |    15.7 ns/msg | book digest 6e1337417720f0e4
  chunk  25 | messages   8,891,831 | through   220,460,800 | timed   0.1541 s |    17.3 ns/msg | book digest 9fa9ae8a6b67f58b
  chunk  26 | messages   8,802,894 | through   229,263,694 | timed   0.1438 s |    16.3 ns/msg | book digest 08bb89ee4a41757d
  chunk  27 | messages   8,807,774 | through   238,071,468 | timed   0.1340 s |    15.2 ns/msg | book digest d7a6282e1d4be426
  chunk  28 | messages   8,852,723 | through   246,924,191 | timed   0.1922 s |    21.7 ns/msg | book digest 44a8ba4e5ddc385f
  chunk  29 | messages   8,855,881 | through   255,780,072 | timed   0.1953 s |    22.1 ns/msg | book digest 7b35102f956db9e3
  chunk  30 | messages   8,859,057 | through   264,639,129 | timed   0.1865 s |    21.1 ns/msg | book digest 2a685e39ad38295d
  chunk  31 | messages   8,856,447 | through   273,495,576 | timed   0.2004 s |    22.6 ns/msg | book digest f36646e40a160529
  chunk  32 | messages   8,853,835 | through   282,349,411 | timed   0.1954 s |    22.1 ns/msg | book digest a62c831486d02a27
  chunk  33 | messages   8,852,125 | through   291,201,536 | timed   0.1982 s |    22.4 ns/msg | book digest 92c8a5e78cdf802f
  chunk  34 | messages   8,845,598 | through   300,047,134 | timed   0.2022 s |    22.9 ns/msg | book digest 847e4a5e546e8347
  chunk  35 | messages   8,852,137 | through   308,899,271 | timed   0.2437 s |    27.5 ns/msg | book digest feacd1deeffb74ff
  chunk  36 | messages   8,842,900 | through   317,742,171 | timed   0.2028 s |    22.9 ns/msg | book digest d0ed479cc3c54eab
  chunk  37 | messages   8,846,111 | through   326,588,282 | timed   0.1549 s |    17.5 ns/msg | book digest cb79a5f6bbf9880f
  chunk  38 | messages   8,844,406 | through   335,432,688 | timed   0.1445 s |    16.3 ns/msg | book digest dd51f7b2c94ca7fc
  chunk  39 | messages   8,821,644 | through   344,254,332 | timed   0.1572 s |    17.8 ns/msg | book digest 8d87d117d6e96b0e
  chunk  40 | messages   8,782,265 | through   353,036,597 | timed   0.1418 s |    16.1 ns/msg | book digest f091db4758ed7028
  chunk  41 | messages   7,521,990 | through   360,558,587 | timed   0.1022 s |    13.6 ns/msg | book digest 60722612a9a7c632
  chunk  42 | messages   7,808,047 | through   368,366,634 | timed   0.1519 s |    19.5 ns/msg | book digest f7d5c6e84735b480

result (demux, W = 5)
  timed 7.012 s for 368,366,634 messages | aggregate 52.54 M msgs/s | 19.03 ns/msg
  messages per worker: min 70,852,404 max 76,372,167 (max / mean 1.04)
  messages 368,366,634 of 368,366,634 | trailing bytes 0 | bad_length 0 | dropped_out_of_band 0 | unknown order id 0
  adds in the overflow 196,611 (predicted 196,611) | resting orders at end of file 0
  book digest chain over 42 chunk boundaries: 17b49d11d49913b3
  checks: PASS

demux, W = 8 workers | demux cpu 0 | worker cpus 1 10 11 12 13 2 3 4 | shard = stock_locate % 8 | timed: first push of a chunk to all rings drained
  chunk   1 | messages   9,031,559 | through     9,031,559 | timed   0.2002 s |    22.2 ns/msg | book digest c1909233da6bd73d
  chunk   2 | messages   7,661,645 | through    16,693,204 | timed   0.1417 s |    18.5 ns/msg | book digest 35ace202b2372ba5
  chunk   3 | messages   8,813,751 | through    25,506,955 | timed   0.1229 s |    13.9 ns/msg | book digest ee12c413e7aec9d7
  chunk   4 | messages   8,830,271 | through    34,337,226 | timed   0.2518 s |    28.5 ns/msg | book digest e3ebf4f7728624b1
  chunk   5 | messages   8,841,081 | through    43,178,307 | timed   0.2668 s |    30.2 ns/msg | book digest c7ce2d3b7d1aef38
  chunk   6 | messages   8,841,918 | through    52,020,225 | timed   0.2626 s |    29.7 ns/msg | book digest 768d5e3b4d4aadf7
  chunk   7 | messages   8,851,274 | through    60,871,499 | timed   0.2766 s |    31.2 ns/msg | book digest edc89b1c4e7dff5c
  chunk   8 | messages   8,847,290 | through    69,718,789 | timed   0.2595 s |    29.3 ns/msg | book digest 98297ac800eef764
  chunk   9 | messages   8,850,279 | through    78,569,068 | timed   0.2654 s |    30.0 ns/msg | book digest 6d80cf185da2bbdd
  chunk  10 | messages   8,846,957 | through    87,416,025 | timed   0.2872 s |    32.5 ns/msg | book digest f3b833d52eb39d77
  chunk  11 | messages   8,857,810 | through    96,273,835 | timed   0.2583 s |    29.2 ns/msg | book digest 9d4ff7a281bdb6e0
  chunk  12 | messages   8,864,485 | through   105,138,320 | timed   0.1997 s |    22.5 ns/msg | book digest 3539b159cef55427
  chunk  13 | messages   8,867,382 | through   114,005,702 | timed   0.1410 s |    15.9 ns/msg | book digest 13089b390423ecf2
  chunk  14 | messages   8,869,373 | through   122,875,075 | timed   0.1368 s |    15.4 ns/msg | book digest 1d08a678f7aee3e6
  chunk  15 | messages   8,870,777 | through   131,745,852 | timed   0.1330 s |    15.0 ns/msg | book digest b661faf7e007c261
  chunk  16 | messages   8,866,806 | through   140,612,658 | timed   0.1410 s |    15.9 ns/msg | book digest 1cab53b2d448467a
  chunk  17 | messages   8,871,247 | through   149,483,905 | timed   0.1450 s |    16.3 ns/msg | book digest b244fa143bbecd97
  chunk  18 | messages   8,865,332 | through   158,349,237 | timed   0.1423 s |    16.1 ns/msg | book digest 58de849165da44e9
  chunk  19 | messages   8,867,569 | through   167,216,806 | timed   0.1466 s |    16.5 ns/msg | book digest ab5b53009cf94f22
  chunk  20 | messages   8,869,363 | through   176,086,169 | timed   0.1384 s |    15.6 ns/msg | book digest 8a7cc9c9efbe72d7
  chunk  21 | messages   8,868,798 | through   184,954,967 | timed   0.1376 s |    15.5 ns/msg | book digest fce256ccb933d38c
  chunk  22 | messages   8,872,867 | through   193,827,834 | timed   0.2355 s |    26.5 ns/msg | book digest 40564c8496d17813
  chunk  23 | messages   8,868,122 | through   202,695,956 | timed   0.2124 s |    23.9 ns/msg | book digest bc6bbc54243e09bc
  chunk  24 | messages   8,873,013 | through   211,568,969 | timed   0.2263 s |    25.5 ns/msg | book digest 6e1337417720f0e4
  chunk  25 | messages   8,891,831 | through   220,460,800 | timed   0.2611 s |    29.4 ns/msg | book digest 9fa9ae8a6b67f58b
  chunk  26 | messages   8,802,894 | through   229,263,694 | timed   0.3464 s |    39.4 ns/msg | book digest 08bb89ee4a41757d
  chunk  27 | messages   8,807,774 | through   238,071,468 | timed   0.2815 s |    32.0 ns/msg | book digest d7a6282e1d4be426
  chunk  28 | messages   8,852,723 | through   246,924,191 | timed   0.2978 s |    33.6 ns/msg | book digest 44a8ba4e5ddc385f
  chunk  29 | messages   8,855,881 | through   255,780,072 | timed   0.2990 s |    33.8 ns/msg | book digest 7b35102f956db9e3
  chunk  30 | messages   8,859,057 | through   264,639,129 | timed   0.1408 s |    15.9 ns/msg | book digest 2a685e39ad38295d
  chunk  31 | messages   8,856,447 | through   273,495,576 | timed   0.1451 s |    16.4 ns/msg | book digest f36646e40a160529
  chunk  32 | messages   8,853,835 | through   282,349,411 | timed   0.1516 s |    17.1 ns/msg | book digest a62c831486d02a27
  chunk  33 | messages   8,852,125 | through   291,201,536 | timed   0.1496 s |    16.9 ns/msg | book digest 92c8a5e78cdf802f
  chunk  34 | messages   8,845,598 | through   300,047,134 | timed   0.1481 s |    16.7 ns/msg | book digest 847e4a5e546e8347
  chunk  35 | messages   8,852,137 | through   308,899,271 | timed   0.1474 s |    16.6 ns/msg | book digest feacd1deeffb74ff
  chunk  36 | messages   8,842,900 | through   317,742,171 | timed   0.1507 s |    17.0 ns/msg | book digest d0ed479cc3c54eab
  chunk  37 | messages   8,846,111 | through   326,588,282 | timed   0.1496 s |    16.9 ns/msg | book digest cb79a5f6bbf9880f
  chunk  38 | messages   8,844,406 | through   335,432,688 | timed   0.1458 s |    16.5 ns/msg | book digest dd51f7b2c94ca7fc
  chunk  39 | messages   8,821,644 | through   344,254,332 | timed   0.2428 s |    27.5 ns/msg | book digest 8d87d117d6e96b0e
  chunk  40 | messages   8,782,265 | through   353,036,597 | timed   0.2699 s |    30.7 ns/msg | book digest f091db4758ed7028
  chunk  41 | messages   7,521,990 | through   360,558,587 | timed   0.2428 s |    32.3 ns/msg | book digest 60722612a9a7c632
  chunk  42 | messages   7,808,047 | through   368,366,634 | timed   0.2380 s |    30.5 ns/msg | book digest f7d5c6e84735b480

result (demux, W = 8)
  timed 8.537 s for 368,366,634 messages | aggregate 43.15 M msgs/s | 23.17 ns/msg
  messages per worker: min 42,382,475 max 49,382,101 (max / mean 1.07)
  messages 368,366,634 of 368,366,634 | trailing bytes 0 | bad_length 0 | dropped_out_of_band 0 | unknown order id 0
  adds in the overflow 196,611 (predicted 196,611) | resting orders at end of file 0
  book digest chain over 42 chunk boundaries: 17b49d11d49913b3
  checks: PASS

demux, W = 13 workers | demux cpu 0 | worker cpus 1 10 11 12 13 2 3 4 5 6 7 8 9 | shard = stock_locate % 13 | timed: first push of a chunk to all rings drained
  chunk   1 | messages   9,031,559 | through     9,031,559 | timed   0.2449 s |    27.1 ns/msg | book digest c1909233da6bd73d
  chunk   2 | messages   7,661,645 | through    16,693,204 | timed   0.2217 s |    28.9 ns/msg | book digest 35ace202b2372ba5
  chunk   3 | messages   8,813,751 | through    25,506,955 | timed   0.2634 s |    29.9 ns/msg | book digest ee12c413e7aec9d7
  chunk   4 | messages   8,830,271 | through    34,337,226 | timed   0.2376 s |    26.9 ns/msg | book digest e3ebf4f7728624b1
  chunk   5 | messages   8,841,081 | through    43,178,307 | timed   0.2470 s |    27.9 ns/msg | book digest c7ce2d3b7d1aef38
  chunk   6 | messages   8,841,918 | through    52,020,225 | timed   0.2739 s |    31.0 ns/msg | book digest 768d5e3b4d4aadf7
  chunk   7 | messages   8,851,274 | through    60,871,499 | timed   0.2703 s |    30.5 ns/msg | book digest edc89b1c4e7dff5c
  chunk   8 | messages   8,847,290 | through    69,718,789 | timed   0.2591 s |    29.3 ns/msg | book digest 98297ac800eef764
  chunk   9 | messages   8,850,279 | through    78,569,068 | timed   0.2942 s |    33.2 ns/msg | book digest 6d80cf185da2bbdd
  chunk  10 | messages   8,846,957 | through    87,416,025 | timed   0.2678 s |    30.3 ns/msg | book digest f3b833d52eb39d77
  chunk  11 | messages   8,857,810 | through    96,273,835 | timed   0.2498 s |    28.2 ns/msg | book digest 9d4ff7a281bdb6e0
  chunk  12 | messages   8,864,485 | through   105,138,320 | timed   0.2680 s |    30.2 ns/msg | book digest 3539b159cef55427
  chunk  13 | messages   8,867,382 | through   114,005,702 | timed   0.2470 s |    27.9 ns/msg | book digest 13089b390423ecf2
  chunk  14 | messages   8,869,373 | through   122,875,075 | timed   0.2427 s |    27.4 ns/msg | book digest 1d08a678f7aee3e6
  chunk  15 | messages   8,870,777 | through   131,745,852 | timed   0.2513 s |    28.3 ns/msg | book digest b661faf7e007c261
  chunk  16 | messages   8,866,806 | through   140,612,658 | timed   0.2417 s |    27.3 ns/msg | book digest 1cab53b2d448467a
  chunk  17 | messages   8,871,247 | through   149,483,905 | timed   0.2533 s |    28.6 ns/msg | book digest b244fa143bbecd97
  chunk  18 | messages   8,865,332 | through   158,349,237 | timed   0.2349 s |    26.5 ns/msg | book digest 58de849165da44e9
  chunk  19 | messages   8,867,569 | through   167,216,806 | timed   0.2167 s |    24.4 ns/msg | book digest ab5b53009cf94f22
  chunk  20 | messages   8,869,363 | through   176,086,169 | timed   0.1941 s |    21.9 ns/msg | book digest 8a7cc9c9efbe72d7
  chunk  21 | messages   8,868,798 | through   184,954,967 | timed   0.1924 s |    21.7 ns/msg | book digest fce256ccb933d38c
  chunk  22 | messages   8,872,867 | through   193,827,834 | timed   0.1942 s |    21.9 ns/msg | book digest 40564c8496d17813
  chunk  23 | messages   8,868,122 | through   202,695,956 | timed   0.2430 s |    27.4 ns/msg | book digest bc6bbc54243e09bc
  chunk  24 | messages   8,873,013 | through   211,568,969 | timed   0.2057 s |    23.2 ns/msg | book digest 6e1337417720f0e4
  chunk  25 | messages   8,891,831 | through   220,460,800 | timed   0.1833 s |    20.6 ns/msg | book digest 9fa9ae8a6b67f58b
  chunk  26 | messages   8,802,894 | through   229,263,694 | timed   0.2416 s |    27.4 ns/msg | book digest 08bb89ee4a41757d
  chunk  27 | messages   8,807,774 | through   238,071,468 | timed   0.2123 s |    24.1 ns/msg | book digest d7a6282e1d4be426
  chunk  28 | messages   8,852,723 | through   246,924,191 | timed   0.2099 s |    23.7 ns/msg | book digest 44a8ba4e5ddc385f
  chunk  29 | messages   8,855,881 | through   255,780,072 | timed   0.2977 s |    33.6 ns/msg | book digest 7b35102f956db9e3
  chunk  30 | messages   8,859,057 | through   264,639,129 | timed   0.2427 s |    27.4 ns/msg | book digest 2a685e39ad38295d
  chunk  31 | messages   8,856,447 | through   273,495,576 | timed   0.2238 s |    25.3 ns/msg | book digest f36646e40a160529
  chunk  32 | messages   8,853,835 | through   282,349,411 | timed   0.1912 s |    21.6 ns/msg | book digest a62c831486d02a27
  chunk  33 | messages   8,852,125 | through   291,201,536 | timed   0.2261 s |    25.5 ns/msg | book digest 92c8a5e78cdf802f
  chunk  34 | messages   8,845,598 | through   300,047,134 | timed   0.1803 s |    20.4 ns/msg | book digest 847e4a5e546e8347
  chunk  35 | messages   8,852,137 | through   308,899,271 | timed   0.1990 s |    22.5 ns/msg | book digest feacd1deeffb74ff
  chunk  36 | messages   8,842,900 | through   317,742,171 | timed   0.2318 s |    26.2 ns/msg | book digest d0ed479cc3c54eab
  chunk  37 | messages   8,846,111 | through   326,588,282 | timed   0.2740 s |    31.0 ns/msg | book digest cb79a5f6bbf9880f
  chunk  38 | messages   8,844,406 | through   335,432,688 | timed   0.2563 s |    29.0 ns/msg | book digest dd51f7b2c94ca7fc
  chunk  39 | messages   8,821,644 | through   344,254,332 | timed   0.2538 s |    28.8 ns/msg | book digest 8d87d117d6e96b0e
  chunk  40 | messages   8,782,265 | through   353,036,597 | timed   0.2624 s |    29.9 ns/msg | book digest f091db4758ed7028
  chunk  41 | messages   7,521,990 | through   360,558,587 | timed   0.2650 s |    35.2 ns/msg | book digest 60722612a9a7c632
  chunk  42 | messages   7,808,047 | through   368,366,634 | timed   0.2113 s |    27.1 ns/msg | book digest f7d5c6e84735b480

result (demux, W = 13)
  timed 9.978 s for 368,366,634 messages | aggregate 36.92 M msgs/s | 27.09 ns/msg
  messages per worker: min 22,408,555 max 35,085,599 (max / mean 1.24)
  messages 368,366,634 of 368,366,634 | trailing bytes 0 | bad_length 0 | dropped_out_of_band 0 | unknown order id 0
  adds in the overflow 196,611 (predicted 196,611) | resting orders at end of file 0
  book digest chain over 42 chunk boundaries: 17b49d11d49913b3
  checks: PASS

wall time after setup 212 s

RESULT: PASS
exit 0
