=== lob_perf: NASDAQ TotalView-ITCH 5.0 recorded day, mode latency ===
run: 2026-09-23 17:15:51 local | command: lob_perf_latency.exe 01302019.NASDAQ_ITCH50 --cpu 1 --placement causal
machine
  cpu: Intel(R) Core(TM) Ultra 7 265H | logical processors: 16
  cpu sets (index: efficiency class / core / last-level cache):
    0: 1/0/0 1: 1/1/0 2: 0/2/0 3: 0/3/0 4: 0/4/0 5: 0/5/0 6: 0/6/0 7: 0/7/0
    8: 0/8/0 9: 0/9/0 10: 1/10/0 11: 1/11/0 12: 1/12/0 13: 1/13/0 14: 0/14/14 15: 0/15/14
  os: Windows 10.0 build 26200
  memory: 31.5 GB total, 5.3 GB available at start
  power: AC line online | battery 75% | battery saver off
  compiler: g++ 16.1.0 | flags: -std=c++20 -O3 -march=native -DNDEBUG -Wall -Wextra -pthread -static -I include -DLOB_PERF_LATENCY
  source: git commit b8ea69f059225ae816bb683c0fb57aeade1746b6
  cpu order, fastest type first: 0 1 10 11 12 13 2 3 4 5 6 7 8 9 14 15
tsc
  invariant TSC (CPUID 80000007h EDX bit 8): yes
  CPUID 15h nominal TSC frequency: 3.686400 GHz
  measured against steady_clock (QueryPerformanceCounter on Windows), five 1 s windows: 3.686408 3.686401 3.686401 3.686402 3.686401 GHz | median 3.686401 GHz

pre-scan and sizing (untimed, 91.0 s; placement causal)
  placement causal: every ladder 2,048 ticks; each book centers it on its first add and re-centers it on its midpoint after 8 near-touch misses, grid $0.01 at or above $1.00 and $0.0001 below, from the messages already applied (the moves are inside the timed loop); pool and id-map capacities from the pre-scan
  file 01302019.NASDAQ_ITCH50 | chunk 268,435,456 bytes | ladder budget 1,024 MB
  bytes 11,245,883,092 | messages 368,366,634 | trailing bytes 0 | bad_length 0 | pre-scan 83.5 s
  by type:
    A 162,970,455 | B 116 | C 158,886 | D 158,273,361 | E 8,096,995 | F 1,725,898 | H 8,805 | I 3,684,511 | J 62
    L 193,769 | P 1,326,184 | Q 17,430 | R 8,714 | S 6 | U 27,222,746 | V 1 | X 4,669,874 | Y 8,821
  books 8,695 | ladders 859 MB | pools 2,276,721 slots | id maps 6,642,368 slots | adds 191,919,099, on the ladders (predicted) not predicted: causal ladders move

per-message latency | thread pinned to cpu 1 | every message timed
  timed region per message: the book lookup by stock_locate and itch::dispatch_checked<WireUnits>(), between rdtsc_begin() (lfence; rdtsc) and rdtsc_end() (rdtscp; lfence)
  empty timer pair, 100,000 samples: min 36 | p50 40 | p99 46 cycles (before the pass, after 0.5 s of busy spinning; measured again after every chunk and after the pass)
  chunk   1 | messages   9,031,559 | through     9,031,559 | timed   0.7996 s |    88.5 ns/msg | book digest c1909233da6bd73d
  chunk   2 | messages   7,661,645 | through    16,693,204 | timed   1.7027 s |   222.2 ns/msg | book digest 35ace202b2372ba5
  chunk   3 | messages   8,813,751 | through    25,506,955 | timed   2.1217 s |   240.7 ns/msg | book digest ee12c413e7aec9d7
  chunk   4 | messages   8,830,271 | through    34,337,226 | timed   2.1184 s |   239.9 ns/msg | book digest e3ebf4f7728624b1
  chunk   5 | messages   8,841,081 | through    43,178,307 | timed   2.3513 s |   266.0 ns/msg | book digest c7ce2d3b7d1aef38
  chunk   6 | messages   8,841,918 | through    52,020,225 | timed   2.2627 s |   255.9 ns/msg | book digest 768d5e3b4d4aadf7
  chunk   7 | messages   8,851,274 | through    60,871,499 | timed   2.1358 s |   241.3 ns/msg | book digest edc89b1c4e7dff5c
  chunk   8 | messages   8,847,290 | through    69,718,789 | timed   2.2802 s |   257.7 ns/msg | book digest 98297ac800eef764
  chunk   9 | messages   8,850,279 | through    78,569,068 | timed   2.2236 s |   251.2 ns/msg | book digest 6d80cf185da2bbdd
  chunk  10 | messages   8,846,957 | through    87,416,025 | timed   2.2709 s |   256.7 ns/msg | book digest f3b833d52eb39d77
  chunk  11 | messages   8,857,810 | through    96,273,835 | timed   2.1437 s |   242.0 ns/msg | book digest 9d4ff7a281bdb6e0
  chunk  12 | messages   8,864,485 | through   105,138,320 | timed   2.2534 s |   254.2 ns/msg | book digest 3539b159cef55427
  chunk  13 | messages   8,867,382 | through   114,005,702 | timed   2.2970 s |   259.0 ns/msg | book digest 13089b390423ecf2
  chunk  14 | messages   8,869,373 | through   122,875,075 | timed   2.1439 s |   241.7 ns/msg | book digest 1d08a678f7aee3e6
  chunk  15 | messages   8,870,777 | through   131,745,852 | timed   2.2736 s |   256.3 ns/msg | book digest b661faf7e007c261
  chunk  16 | messages   8,866,806 | through   140,612,658 | timed   2.2585 s |   254.7 ns/msg | book digest 1cab53b2d448467a
  chunk  17 | messages   8,871,247 | through   149,483,905 | timed   2.3045 s |   259.8 ns/msg | book digest b244fa143bbecd97
  chunk  18 | messages   8,865,332 | through   158,349,237 | timed   2.1483 s |   242.3 ns/msg | book digest 58de849165da44e9
  chunk  19 | messages   8,867,569 | through   167,216,806 | timed   2.1871 s |   246.6 ns/msg | book digest ab5b53009cf94f22
  chunk  20 | messages   8,869,363 | through   176,086,169 | timed   2.3435 s |   264.2 ns/msg | book digest 8a7cc9c9efbe72d7
  chunk  21 | messages   8,868,798 | through   184,954,967 | timed   2.1632 s |   243.9 ns/msg | book digest fce256ccb933d38c
  chunk  22 | messages   8,872,867 | through   193,827,834 | timed   2.3027 s |   259.5 ns/msg | book digest 40564c8496d17813
  chunk  23 | messages   8,868,122 | through   202,695,956 | timed   2.1893 s |   246.9 ns/msg | book digest bc6bbc54243e09bc
  chunk  24 | messages   8,873,013 | through   211,568,969 | timed   2.2034 s |   248.3 ns/msg | book digest 6e1337417720f0e4
  chunk  25 | messages   8,891,831 | through   220,460,800 | timed   2.3775 s |   267.4 ns/msg | book digest 9fa9ae8a6b67f58b
  chunk  26 | messages   8,802,894 | through   229,263,694 | timed   2.2879 s |   259.9 ns/msg | book digest 08bb89ee4a41757d
  chunk  27 | messages   8,807,774 | through   238,071,468 | timed   2.3200 s |   263.4 ns/msg | book digest d7a6282e1d4be426
  chunk  28 | messages   8,852,723 | through   246,924,191 | timed   2.2090 s |   249.5 ns/msg | book digest 44a8ba4e5ddc385f
  chunk  29 | messages   8,855,881 | through   255,780,072 | timed   2.4215 s |   273.4 ns/msg | book digest 7b35102f956db9e3
  chunk  30 | messages   8,859,057 | through   264,639,129 | timed   2.2129 s |   249.8 ns/msg | book digest 2a685e39ad38295d
  chunk  31 | messages   8,856,447 | through   273,495,576 | timed   2.2019 s |   248.6 ns/msg | book digest f36646e40a160529
  chunk  32 | messages   8,853,835 | through   282,349,411 | timed   2.2477 s |   253.9 ns/msg | book digest a62c831486d02a27
  chunk  33 | messages   8,852,125 | through   291,201,536 | timed   2.1784 s |   246.1 ns/msg | book digest 92c8a5e78cdf802f
  chunk  34 | messages   8,845,598 | through   300,047,134 | timed   2.2853 s |   258.3 ns/msg | book digest 847e4a5e546e8347
  chunk  35 | messages   8,852,137 | through   308,899,271 | timed   2.2703 s |   256.5 ns/msg | book digest feacd1deeffb74ff
  chunk  36 | messages   8,842,900 | through   317,742,171 | timed   2.4008 s |   271.5 ns/msg | book digest d0ed479cc3c54eab
  chunk  37 | messages   8,846,111 | through   326,588,282 | timed   2.2083 s |   249.6 ns/msg | book digest cb79a5f6bbf9880f
  chunk  38 | messages   8,844,406 | through   335,432,688 | timed   2.2178 s |   250.8 ns/msg | book digest dd51f7b2c94ca7fc
  chunk  39 | messages   8,821,644 | through   344,254,332 | timed   2.4145 s |   273.7 ns/msg | book digest 8d87d117d6e96b0e
  chunk  40 | messages   8,782,265 | through   353,036,597 | timed   2.2101 s |   251.7 ns/msg | book digest f091db4758ed7028
  chunk  41 | messages   7,521,990 | through   360,558,587 | timed   1.9824 s |   263.6 ns/msg | book digest 60722612a9a7c632
  chunk  42 | messages   7,808,047 | through   368,366,634 | timed   2.3889 s |   306.0 ns/msg | book digest f7d5c6e84735b480

result (per-message latency, cpu 1; chunk times above include the timers and are not throughput)
  TSC over the whole pass (101.2 s): 3.686401 GHz; ns = cycles / 3.686401
  empty timer pair after each chunk, 10,000 samples each, min cycles:
    42 76 60 38 104 68 54 64 72 60 80 142 86 48 60 64 42 38 66 54 38
    38 68 102 72 40 38 48 38 38 38 44 38 60 42 88 38 54 44 38 38 38
  empty timer pair after the pass, 100,000 samples: min 36 | p50 40 | p99 42 cycles
  subtracted from every sample, clamped at 0: 36 cycles, the smallest minimum seen (before the pass 36, after the chunks 38 to 142, after the pass 36)
  samples clamped to 0 after overhead subtraction: 0
  percentiles are nearest-rank over every sample

  TSC cycles
  type       messages |     mean |     min |     p50 |     p90 |     p99 |    p99.9 |   p99.99 |        max
  A       162,970,455 |    662.1 |      24 |     624 |    1064 |    2356 |     3636 |    19652 |    2521492
  F         1,725,898 |    835.8 |      26 |     654 |    1630 |    3664 |    10470 |    37156 |     942186
  E         8,096,995 |    890.7 |      26 |     644 |    2082 |    3928 |     5208 |    22206 |     569378
  C           158,886 |    683.5 |      28 |     332 |    1652 |    3864 |     5284 |    23092 |      49652
  X         4,669,874 |    510.6 |      24 |     224 |    1322 |    3368 |     5488 |    13478 |     242056
  D       158,273,361 |    887.4 |      28 |     624 |    2092 |    3918 |     5880 |    22156 |    2268664
  U        27,222,746 |   1042.8 |      38 |     756 |    1942 |    3896 |    12028 |    32674 |    2444580
  other     5,248,419 |     38.2 |       4 |      28 |      70 |     188 |      584 |      966 |      59280
  orders  363,118,215 |    792.8 |      24 |     630 |    1730 |    3564 |     5906 |    21788 |    2521492
  all     368,366,634 |    782.1 |       4 |     628 |    1718 |    3556 |     5866 |    21694 |    2521492

  nanoseconds
  type       messages |     mean |     min |     p50 |     p90 |     p99 |    p99.9 |   p99.99 |        max
  A       162,970,455 |    179.6 |       7 |     169 |     289 |     639 |      986 |     5331 |     683998
  F         1,725,898 |    226.7 |       7 |     177 |     442 |     994 |     2840 |    10079 |     255584
  E         8,096,995 |    241.6 |       7 |     175 |     565 |    1066 |     1413 |     6024 |     154454
  C           158,886 |    185.4 |       8 |      90 |     448 |    1048 |     1433 |     6264 |      13469
  X         4,669,874 |    138.5 |       7 |      61 |     359 |     914 |     1489 |     3656 |      65662
  D       158,273,361 |    240.7 |       8 |     169 |     567 |    1063 |     1595 |     6010 |     615414
  U        27,222,746 |    282.9 |      10 |     205 |     527 |    1057 |     3263 |     8863 |     663135
  other     5,248,419 |     10.4 |       1 |       8 |      19 |      51 |      158 |      262 |      16081
  orders  363,118,215 |    215.1 |       7 |     171 |     469 |     967 |     1602 |     5910 |     683998
  all     368,366,634 |    212.1 |       1 |     170 |     466 |     965 |     1591 |     5885 |     683998

  messages that placed or moved a ladder (included in the rows above): 27,343 | p50 1375 | p90 7986 | p99 54617 | max 310069 ns

  messages 368,366,634 of 368,366,634 | trailing bytes 0 | bad_length 0 | dropped_out_of_band 0 | unknown order id 0
  adds on a ladder 190,757,952 | adds in the overflow 1,161,147 (predicted none: causal ladders move) | resting orders at end of file 0
  causal ladders: placed 8,695 | re-centered 18,648 times | levels moved 908,796 | orders relinked 2,626,046
  book digest chain over 42 chunk boundaries: 17b49d11d49913b3
  checks: PASS
wall time after setup 102 s

RESULT: PASS
exit 0
