=== lob_perf: NASDAQ TotalView-ITCH 5.0 recorded day, mode presplit ===
run: 2026-09-21 02:26:35 local | command: lob_perf.exe 01302019.NASDAQ_ITCH50 --mode presplit --workers 1,2,3,4,5,8,13
machine
  cpu: Intel(R) Core(TM) Ultra 7 265H | logical processors: 16
  cpu sets (index: efficiency class / core / last-level cache):
    0: 1/0/0 1: 1/1/0 2: 0/2/0 3: 0/3/0 4: 0/4/0 5: 0/5/0 6: 0/6/0 7: 0/7/0
    8: 0/8/0 9: 0/9/0 10: 1/10/0 11: 1/11/0 12: 1/12/0 13: 1/13/0 14: 0/14/14 15: 0/15/14
  os: Windows 10.0 build 26200
  memory: 31.5 GB total, 9.8 GB available at start
  power: AC line online | battery 100% | battery saver off
  compiler: g++ 16.1.0 | flags: -std=c++20 -O3 -march=native -DNDEBUG -Wall -Wextra -pthread -static -I include
  source: git commit 380902a3597da1ee8133e4db72e3461370b06d18
  cpu order, fastest type first: 0 1 10 11 12 13 2 3 4 5 6 7 8 9 14 15
tsc
  invariant TSC (CPUID 80000007h EDX bit 8): yes
  CPUID 15h nominal TSC frequency: 3.686400 GHz
  measured against steady_clock (QueryPerformanceCounter on Windows), five 1 s windows: 3.686417 3.686398 3.686398 3.686398 3.686398 GHz | median 3.686398 GHz

pre-scan and sizing (untimed, 102.7 s; the same as lob_replay's)
  file 01302019.NASDAQ_ITCH50 | chunk 268,435,456 bytes | ladder budget 1,024 MB
  bytes 11,245,883,092 | messages 368,366,634 | trailing bytes 0 | bad_length 0 | pre-scan 91.4 s
  by type:
    A 162,970,455 | B 116 | C 158,886 | D 158,273,361 | E 8,096,995 | F 1,725,898 | H 8,805 | I 3,684,511 | J 62
    L 193,769 | P 1,326,184 | Q 17,430 | R 8,714 | S 6 | U 27,222,746 | V 1 | X 4,669,874 | Y 8,821
  books 8,695 | ladders 1024 MB | pools 2,276,721 slots | id maps 6,642,368 slots | adds 191,919,099, on the ladders (predicted) 191,722,488

presplit, W = 1 workers | main cpu 0 | worker cpus 1 | shard = stock_locate % 1 | split untimed | timed: start signal to last worker done
  chunk   1 | messages   9,031,559 | through     9,031,559 | timed   0.3190 s |    35.3 ns/msg | book digest c1909233da6bd73d
  chunk   2 | messages   7,661,645 | through    16,693,204 | timed   0.7317 s |    95.5 ns/msg | book digest 35ace202b2372ba5
  chunk   3 | messages   8,813,751 | through    25,506,955 | timed   0.9725 s |   110.3 ns/msg | book digest ee12c413e7aec9d7
  chunk   4 | messages   8,830,271 | through    34,337,226 | timed   1.1098 s |   125.7 ns/msg | book digest e3ebf4f7728624b1
  chunk   5 | messages   8,841,081 | through    43,178,307 | timed   1.0373 s |   117.3 ns/msg | book digest c7ce2d3b7d1aef38
  chunk   6 | messages   8,841,918 | through    52,020,225 | timed   0.9945 s |   112.5 ns/msg | book digest 768d5e3b4d4aadf7
  chunk   7 | messages   8,851,274 | through    60,871,499 | timed   0.9163 s |   103.5 ns/msg | book digest edc89b1c4e7dff5c
  chunk   8 | messages   8,847,290 | through    69,718,789 | timed   0.9386 s |   106.1 ns/msg | book digest 98297ac800eef764
  chunk   9 | messages   8,850,279 | through    78,569,068 | timed   1.0147 s |   114.7 ns/msg | book digest 6d80cf185da2bbdd
  chunk  10 | messages   8,846,957 | through    87,416,025 | timed   1.0664 s |   120.5 ns/msg | book digest f3b833d52eb39d77
  chunk  11 | messages   8,857,810 | through    96,273,835 | timed   1.0055 s |   113.5 ns/msg | book digest 9d4ff7a281bdb6e0
  chunk  12 | messages   8,864,485 | through   105,138,320 | timed   1.0355 s |   116.8 ns/msg | book digest 3539b159cef55427
  chunk  13 | messages   8,867,382 | through   114,005,702 | timed   0.9455 s |   106.6 ns/msg | book digest 13089b390423ecf2
  chunk  14 | messages   8,869,373 | through   122,875,075 | timed   0.8899 s |   100.3 ns/msg | book digest 1d08a678f7aee3e6
  chunk  15 | messages   8,870,777 | through   131,745,852 | timed   0.9909 s |   111.7 ns/msg | book digest b661faf7e007c261
  chunk  16 | messages   8,866,806 | through   140,612,658 | timed   1.1195 s |   126.3 ns/msg | book digest 1cab53b2d448467a
  chunk  17 | messages   8,871,247 | through   149,483,905 | timed   1.0709 s |   120.7 ns/msg | book digest b244fa143bbecd97
  chunk  18 | messages   8,865,332 | through   158,349,237 | timed   1.0698 s |   120.7 ns/msg | book digest 58de849165da44e9
  chunk  19 | messages   8,867,569 | through   167,216,806 | timed   0.9395 s |   105.9 ns/msg | book digest ab5b53009cf94f22
  chunk  20 | messages   8,869,363 | through   176,086,169 | timed   0.9636 s |   108.6 ns/msg | book digest 8a7cc9c9efbe72d7
  chunk  21 | messages   8,868,798 | through   184,954,967 | timed   1.0611 s |   119.6 ns/msg | book digest fce256ccb933d38c
  chunk  22 | messages   8,872,867 | through   193,827,834 | timed   1.0854 s |   122.3 ns/msg | book digest 40564c8496d17813
  chunk  23 | messages   8,868,122 | through   202,695,956 | timed   1.0843 s |   122.3 ns/msg | book digest bc6bbc54243e09bc
  chunk  24 | messages   8,873,013 | through   211,568,969 | timed   0.9922 s |   111.8 ns/msg | book digest 6e1337417720f0e4
  chunk  25 | messages   8,891,831 | through   220,460,800 | timed   0.9317 s |   104.8 ns/msg | book digest 9fa9ae8a6b67f58b
  chunk  26 | messages   8,802,894 | through   229,263,694 | timed   0.9553 s |   108.5 ns/msg | book digest 08bb89ee4a41757d
  chunk  27 | messages   8,807,774 | through   238,071,468 | timed   1.0790 s |   122.5 ns/msg | book digest d7a6282e1d4be426
  chunk  28 | messages   8,852,723 | through   246,924,191 | timed   1.0787 s |   121.8 ns/msg | book digest 44a8ba4e5ddc385f
  chunk  29 | messages   8,855,881 | through   255,780,072 | timed   1.0912 s |   123.2 ns/msg | book digest 7b35102f956db9e3
  chunk  30 | messages   8,859,057 | through   264,639,129 | timed   0.9449 s |   106.7 ns/msg | book digest 2a685e39ad38295d
  chunk  31 | messages   8,856,447 | through   273,495,576 | timed   0.9775 s |   110.4 ns/msg | book digest f36646e40a160529
  chunk  32 | messages   8,853,835 | through   282,349,411 | timed   1.0247 s |   115.7 ns/msg | book digest a62c831486d02a27
  chunk  33 | messages   8,852,125 | through   291,201,536 | timed   1.0799 s |   122.0 ns/msg | book digest 92c8a5e78cdf802f
  chunk  34 | messages   8,845,598 | through   300,047,134 | timed   1.1198 s |   126.6 ns/msg | book digest 847e4a5e546e8347
  chunk  35 | messages   8,852,137 | through   308,899,271 | timed   1.1027 s |   124.6 ns/msg | book digest feacd1deeffb74ff
  chunk  36 | messages   8,842,900 | through   317,742,171 | timed   1.0076 s |   113.9 ns/msg | book digest d0ed479cc3c54eab
  chunk  37 | messages   8,846,111 | through   326,588,282 | timed   0.9896 s |   111.9 ns/msg | book digest cb79a5f6bbf9880f
  chunk  38 | messages   8,844,406 | through   335,432,688 | timed   1.0899 s |   123.2 ns/msg | book digest dd51f7b2c94ca7fc
  chunk  39 | messages   8,821,644 | through   344,254,332 | timed   1.1066 s |   125.4 ns/msg | book digest 8d87d117d6e96b0e
  chunk  40 | messages   8,782,265 | through   353,036,597 | timed   1.1199 s |   127.5 ns/msg | book digest f091db4758ed7028
  chunk  41 | messages   7,521,990 | through   360,558,587 | timed   0.7097 s |    94.3 ns/msg | book digest 60722612a9a7c632
  chunk  42 | messages   7,808,047 | through   368,366,634 | timed   1.0563 s |   135.3 ns/msg | book digest f7d5c6e84735b480

result (presplit, W = 1)
  timed 41.819 s for 368,366,634 messages | aggregate 8.81 M msgs/s | 113.53 ns/msg
  messages per worker: min 368,366,634 max 368,366,634 (max / mean 1.00)
  messages 368,366,634 of 368,366,634 | trailing bytes 0 | bad_length 0 | dropped_out_of_band 0 | unknown order id 0
  adds in the overflow 196,611 (predicted 196,611) | resting orders at end of file 0
  book digest chain over 42 chunk boundaries: 17b49d11d49913b3
  checks: PASS

presplit, W = 2 workers | main cpu 0 | worker cpus 1 10 | shard = stock_locate % 2 | split untimed | timed: start signal to last worker done
  chunk   1 | messages   9,031,559 | through     9,031,559 | timed   0.2242 s |    24.8 ns/msg | book digest c1909233da6bd73d
  chunk   2 | messages   7,661,645 | through    16,693,204 | timed   0.3898 s |    50.9 ns/msg | book digest 35ace202b2372ba5
  chunk   3 | messages   8,813,751 | through    25,506,955 | timed   0.4436 s |    50.3 ns/msg | book digest ee12c413e7aec9d7
  chunk   4 | messages   8,830,271 | through    34,337,226 | timed   0.4521 s |    51.2 ns/msg | book digest e3ebf4f7728624b1
  chunk   5 | messages   8,841,081 | through    43,178,307 | timed   0.5243 s |    59.3 ns/msg | book digest c7ce2d3b7d1aef38
  chunk   6 | messages   8,841,918 | through    52,020,225 | timed   0.4951 s |    56.0 ns/msg | book digest 768d5e3b4d4aadf7
  chunk   7 | messages   8,851,274 | through    60,871,499 | timed   0.4450 s |    50.3 ns/msg | book digest edc89b1c4e7dff5c
  chunk   8 | messages   8,847,290 | through    69,718,789 | timed   0.4347 s |    49.1 ns/msg | book digest 98297ac800eef764
  chunk   9 | messages   8,850,279 | through    78,569,068 | timed   0.4251 s |    48.0 ns/msg | book digest 6d80cf185da2bbdd
  chunk  10 | messages   8,846,957 | through    87,416,025 | timed   0.4209 s |    47.6 ns/msg | book digest f3b833d52eb39d77
  chunk  11 | messages   8,857,810 | through    96,273,835 | timed   0.4473 s |    50.5 ns/msg | book digest 9d4ff7a281bdb6e0
  chunk  12 | messages   8,864,485 | through   105,138,320 | timed   0.4828 s |    54.5 ns/msg | book digest 3539b159cef55427
  chunk  13 | messages   8,867,382 | through   114,005,702 | timed   0.4691 s |    52.9 ns/msg | book digest 13089b390423ecf2
  chunk  14 | messages   8,869,373 | through   122,875,075 | timed   0.5314 s |    59.9 ns/msg | book digest 1d08a678f7aee3e6
  chunk  15 | messages   8,870,777 | through   131,745,852 | timed   0.5212 s |    58.7 ns/msg | book digest b661faf7e007c261
  chunk  16 | messages   8,866,806 | through   140,612,658 | timed   0.5426 s |    61.2 ns/msg | book digest 1cab53b2d448467a
  chunk  17 | messages   8,871,247 | through   149,483,905 | timed   0.4122 s |    46.5 ns/msg | book digest b244fa143bbecd97
  chunk  18 | messages   8,865,332 | through   158,349,237 | timed   0.4183 s |    47.2 ns/msg | book digest 58de849165da44e9
  chunk  19 | messages   8,867,569 | through   167,216,806 | timed   0.4224 s |    47.6 ns/msg | book digest ab5b53009cf94f22
  chunk  20 | messages   8,869,363 | through   176,086,169 | timed   0.4241 s |    47.8 ns/msg | book digest 8a7cc9c9efbe72d7
  chunk  21 | messages   8,868,798 | through   184,954,967 | timed   0.4141 s |    46.7 ns/msg | book digest fce256ccb933d38c
  chunk  22 | messages   8,872,867 | through   193,827,834 | timed   0.4572 s |    51.5 ns/msg | book digest 40564c8496d17813
  chunk  23 | messages   8,868,122 | through   202,695,956 | timed   0.5336 s |    60.2 ns/msg | book digest bc6bbc54243e09bc
  chunk  24 | messages   8,873,013 | through   211,568,969 | timed   0.4867 s |    54.9 ns/msg | book digest 6e1337417720f0e4
  chunk  25 | messages   8,891,831 | through   220,460,800 | timed   0.5380 s |    60.5 ns/msg | book digest 9fa9ae8a6b67f58b
  chunk  26 | messages   8,802,894 | through   229,263,694 | timed   0.5022 s |    57.1 ns/msg | book digest 08bb89ee4a41757d
  chunk  27 | messages   8,807,774 | through   238,071,468 | timed   0.5414 s |    61.5 ns/msg | book digest d7a6282e1d4be426
  chunk  28 | messages   8,852,723 | through   246,924,191 | timed   0.4273 s |    48.3 ns/msg | book digest 44a8ba4e5ddc385f
  chunk  29 | messages   8,855,881 | through   255,780,072 | timed   0.4393 s |    49.6 ns/msg | book digest 7b35102f956db9e3
  chunk  30 | messages   8,859,057 | through   264,639,129 | timed   0.4263 s |    48.1 ns/msg | book digest 2a685e39ad38295d
  chunk  31 | messages   8,856,447 | through   273,495,576 | timed   0.4263 s |    48.1 ns/msg | book digest f36646e40a160529
  chunk  32 | messages   8,853,835 | through   282,349,411 | timed   0.4222 s |    47.7 ns/msg | book digest a62c831486d02a27
  chunk  33 | messages   8,852,125 | through   291,201,536 | timed   0.4088 s |    46.2 ns/msg | book digest 92c8a5e78cdf802f
  chunk  34 | messages   8,845,598 | through   300,047,134 | timed   0.4357 s |    49.3 ns/msg | book digest 847e4a5e546e8347
  chunk  35 | messages   8,852,137 | through   308,899,271 | timed   0.5539 s |    62.6 ns/msg | book digest feacd1deeffb74ff
  chunk  36 | messages   8,842,900 | through   317,742,171 | timed   0.5555 s |    62.8 ns/msg | book digest d0ed479cc3c54eab
  chunk  37 | messages   8,846,111 | through   326,588,282 | timed   0.5604 s |    63.4 ns/msg | book digest cb79a5f6bbf9880f
  chunk  38 | messages   8,844,406 | through   335,432,688 | timed   0.5038 s |    57.0 ns/msg | book digest dd51f7b2c94ca7fc
  chunk  39 | messages   8,821,644 | through   344,254,332 | timed   0.4660 s |    52.8 ns/msg | book digest 8d87d117d6e96b0e
  chunk  40 | messages   8,782,265 | through   353,036,597 | timed   0.4547 s |    51.8 ns/msg | book digest f091db4758ed7028
  chunk  41 | messages   7,521,990 | through   360,558,587 | timed   0.3087 s |    41.0 ns/msg | book digest 60722612a9a7c632
  chunk  42 | messages   7,808,047 | through   368,366,634 | timed   0.4548 s |    58.2 ns/msg | book digest f7d5c6e84735b480

result (presplit, W = 2)
  timed 19.243 s for 368,366,634 messages | aggregate 19.14 M msgs/s | 52.24 ns/msg
  messages per worker: min 178,688,550 max 189,678,084 (max / mean 1.03)
  messages 368,366,634 of 368,366,634 | trailing bytes 0 | bad_length 0 | dropped_out_of_band 0 | unknown order id 0
  adds in the overflow 196,611 (predicted 196,611) | resting orders at end of file 0
  book digest chain over 42 chunk boundaries: 17b49d11d49913b3
  checks: PASS

presplit, W = 3 workers | main cpu 0 | worker cpus 1 10 11 | shard = stock_locate % 3 | split untimed | timed: start signal to last worker done
  chunk   1 | messages   9,031,559 | through     9,031,559 | timed   0.1663 s |    18.4 ns/msg | book digest c1909233da6bd73d
  chunk   2 | messages   7,661,645 | through    16,693,204 | timed   0.2589 s |    33.8 ns/msg | book digest 35ace202b2372ba5
  chunk   3 | messages   8,813,751 | through    25,506,955 | timed   0.3078 s |    34.9 ns/msg | book digest ee12c413e7aec9d7
  chunk   4 | messages   8,830,271 | through    34,337,226 | timed   0.3197 s |    36.2 ns/msg | book digest e3ebf4f7728624b1
  chunk   5 | messages   8,841,081 | through    43,178,307 | timed   0.3246 s |    36.7 ns/msg | book digest c7ce2d3b7d1aef38
  chunk   6 | messages   8,841,918 | through    52,020,225 | timed   0.3289 s |    37.2 ns/msg | book digest 768d5e3b4d4aadf7
  chunk   7 | messages   8,851,274 | through    60,871,499 | timed   0.3051 s |    34.5 ns/msg | book digest edc89b1c4e7dff5c
  chunk   8 | messages   8,847,290 | through    69,718,789 | timed   0.2412 s |    27.3 ns/msg | book digest 98297ac800eef764
  chunk   9 | messages   8,850,279 | through    78,569,068 | timed   0.2457 s |    27.8 ns/msg | book digest 6d80cf185da2bbdd
  chunk  10 | messages   8,846,957 | through    87,416,025 | timed   0.2359 s |    26.7 ns/msg | book digest f3b833d52eb39d77
  chunk  11 | messages   8,857,810 | through    96,273,835 | timed   0.2515 s |    28.4 ns/msg | book digest 9d4ff7a281bdb6e0
  chunk  12 | messages   8,864,485 | through   105,138,320 | timed   0.2530 s |    28.5 ns/msg | book digest 3539b159cef55427
  chunk  13 | messages   8,867,382 | through   114,005,702 | timed   0.2518 s |    28.4 ns/msg | book digest 13089b390423ecf2
  chunk  14 | messages   8,869,373 | through   122,875,075 | timed   0.2348 s |    26.5 ns/msg | book digest 1d08a678f7aee3e6
  chunk  15 | messages   8,870,777 | through   131,745,852 | timed   0.2956 s |    33.3 ns/msg | book digest b661faf7e007c261
  chunk  16 | messages   8,866,806 | through   140,612,658 | timed   0.3314 s |    37.4 ns/msg | book digest 1cab53b2d448467a
  chunk  17 | messages   8,871,247 | through   149,483,905 | timed   0.3364 s |    37.9 ns/msg | book digest b244fa143bbecd97
  chunk  18 | messages   8,865,332 | through   158,349,237 | timed   0.2926 s |    33.0 ns/msg | book digest 58de849165da44e9
  chunk  19 | messages   8,867,569 | through   167,216,806 | timed   0.3318 s |    37.4 ns/msg | book digest ab5b53009cf94f22
  chunk  20 | messages   8,869,363 | through   176,086,169 | timed   0.3184 s |    35.9 ns/msg | book digest 8a7cc9c9efbe72d7
  chunk  21 | messages   8,868,798 | through   184,954,967 | timed   0.3388 s |    38.2 ns/msg | book digest fce256ccb933d38c
  chunk  22 | messages   8,872,867 | through   193,827,834 | timed   0.2553 s |    28.8 ns/msg | book digest 40564c8496d17813
  chunk  23 | messages   8,868,122 | through   202,695,956 | timed   0.2522 s |    28.4 ns/msg | book digest bc6bbc54243e09bc
  chunk  24 | messages   8,873,013 | through   211,568,969 | timed   0.2561 s |    28.9 ns/msg | book digest 6e1337417720f0e4
  chunk  25 | messages   8,891,831 | through   220,460,800 | timed   0.2620 s |    29.5 ns/msg | book digest 9fa9ae8a6b67f58b
  chunk  26 | messages   8,802,894 | through   229,263,694 | timed   0.2738 s |    31.1 ns/msg | book digest 08bb89ee4a41757d
  chunk  27 | messages   8,807,774 | through   238,071,468 | timed   0.2481 s |    28.2 ns/msg | book digest d7a6282e1d4be426
  chunk  28 | messages   8,852,723 | through   246,924,191 | timed   0.2451 s |    27.7 ns/msg | book digest 44a8ba4e5ddc385f
  chunk  29 | messages   8,855,881 | through   255,780,072 | timed   0.2410 s |    27.2 ns/msg | book digest 7b35102f956db9e3
  chunk  30 | messages   8,859,057 | through   264,639,129 | timed   0.3280 s |    37.0 ns/msg | book digest 2a685e39ad38295d
  chunk  31 | messages   8,856,447 | through   273,495,576 | timed   0.3414 s |    38.5 ns/msg | book digest f36646e40a160529
  chunk  32 | messages   8,853,835 | through   282,349,411 | timed   0.3486 s |    39.4 ns/msg | book digest a62c831486d02a27
  chunk  33 | messages   8,852,125 | through   291,201,536 | timed   0.2928 s |    33.1 ns/msg | book digest 92c8a5e78cdf802f
  chunk  34 | messages   8,845,598 | through   300,047,134 | timed   0.2896 s |    32.7 ns/msg | book digest 847e4a5e546e8347
  chunk  35 | messages   8,852,137 | through   308,899,271 | timed   0.3442 s |    38.9 ns/msg | book digest feacd1deeffb74ff
  chunk  36 | messages   8,842,900 | through   317,742,171 | timed   0.3521 s |    39.8 ns/msg | book digest d0ed479cc3c54eab
  chunk  37 | messages   8,846,111 | through   326,588,282 | timed   0.2650 s |    30.0 ns/msg | book digest cb79a5f6bbf9880f
  chunk  38 | messages   8,844,406 | through   335,432,688 | timed   0.2649 s |    30.0 ns/msg | book digest dd51f7b2c94ca7fc
  chunk  39 | messages   8,821,644 | through   344,254,332 | timed   0.2562 s |    29.0 ns/msg | book digest 8d87d117d6e96b0e
  chunk  40 | messages   8,782,265 | through   353,036,597 | timed   0.2613 s |    29.8 ns/msg | book digest f091db4758ed7028
  chunk  41 | messages   7,521,990 | through   360,558,587 | timed   0.1804 s |    24.0 ns/msg | book digest 60722612a9a7c632
  chunk  42 | messages   7,808,047 | through   368,366,634 | timed   0.2571 s |    32.9 ns/msg | book digest f7d5c6e84735b480

result (presplit, W = 3)
  timed 11.786 s for 368,366,634 messages | aggregate 31.26 M msgs/s | 31.99 ns/msg
  messages per worker: min 120,286,452 max 126,637,385 (max / mean 1.03)
  messages 368,366,634 of 368,366,634 | trailing bytes 0 | bad_length 0 | dropped_out_of_band 0 | unknown order id 0
  adds in the overflow 196,611 (predicted 196,611) | resting orders at end of file 0
  book digest chain over 42 chunk boundaries: 17b49d11d49913b3
  checks: PASS

presplit, W = 4 workers | main cpu 0 | worker cpus 1 10 11 12 | shard = stock_locate % 4 | split untimed | timed: start signal to last worker done
  chunk   1 | messages   9,031,559 | through     9,031,559 | timed   0.0717 s |     7.9 ns/msg | book digest c1909233da6bd73d
  chunk   2 | messages   7,661,645 | through    16,693,204 | timed   0.1864 s |    24.3 ns/msg | book digest 35ace202b2372ba5
  chunk   3 | messages   8,813,751 | through    25,506,955 | timed   0.2276 s |    25.8 ns/msg | book digest ee12c413e7aec9d7
  chunk   4 | messages   8,830,271 | through    34,337,226 | timed   0.2349 s |    26.6 ns/msg | book digest e3ebf4f7728624b1
  chunk   5 | messages   8,841,081 | through    43,178,307 | timed   0.2364 s |    26.7 ns/msg | book digest c7ce2d3b7d1aef38
  chunk   6 | messages   8,841,918 | through    52,020,225 | timed   0.2416 s |    27.3 ns/msg | book digest 768d5e3b4d4aadf7
  chunk   7 | messages   8,851,274 | through    60,871,499 | timed   0.2386 s |    27.0 ns/msg | book digest edc89b1c4e7dff5c
  chunk   8 | messages   8,847,290 | through    69,718,789 | timed   0.2428 s |    27.4 ns/msg | book digest 98297ac800eef764
  chunk   9 | messages   8,850,279 | through    78,569,068 | timed   0.2433 s |    27.5 ns/msg | book digest 6d80cf185da2bbdd
  chunk  10 | messages   8,846,957 | through    87,416,025 | timed   0.1731 s |    19.6 ns/msg | book digest f3b833d52eb39d77
  chunk  11 | messages   8,857,810 | through    96,273,835 | timed   0.1791 s |    20.2 ns/msg | book digest 9d4ff7a281bdb6e0
  chunk  12 | messages   8,864,485 | through   105,138,320 | timed   0.1771 s |    20.0 ns/msg | book digest 3539b159cef55427
  chunk  13 | messages   8,867,382 | through   114,005,702 | timed   0.1785 s |    20.1 ns/msg | book digest 13089b390423ecf2
  chunk  14 | messages   8,869,373 | through   122,875,075 | timed   0.1707 s |    19.2 ns/msg | book digest 1d08a678f7aee3e6
  chunk  15 | messages   8,870,777 | through   131,745,852 | timed   0.1749 s |    19.7 ns/msg | book digest b661faf7e007c261
  chunk  16 | messages   8,866,806 | through   140,612,658 | timed   0.1762 s |    19.9 ns/msg | book digest 1cab53b2d448467a
  chunk  17 | messages   8,871,247 | through   149,483,905 | timed   0.1751 s |    19.7 ns/msg | book digest b244fa143bbecd97
  chunk  18 | messages   8,865,332 | through   158,349,237 | timed   0.1718 s |    19.4 ns/msg | book digest 58de849165da44e9
  chunk  19 | messages   8,867,569 | through   167,216,806 | timed   0.2446 s |    27.6 ns/msg | book digest ab5b53009cf94f22
  chunk  20 | messages   8,869,363 | through   176,086,169 | timed   0.2347 s |    26.5 ns/msg | book digest 8a7cc9c9efbe72d7
  chunk  21 | messages   8,868,798 | through   184,954,967 | timed   0.2025 s |    22.8 ns/msg | book digest fce256ccb933d38c
  chunk  22 | messages   8,872,867 | through   193,827,834 | timed   0.2483 s |    28.0 ns/msg | book digest 40564c8496d17813
  chunk  23 | messages   8,868,122 | through   202,695,956 | timed   0.2476 s |    27.9 ns/msg | book digest bc6bbc54243e09bc
  chunk  24 | messages   8,873,013 | through   211,568,969 | timed   0.2429 s |    27.4 ns/msg | book digest 6e1337417720f0e4
  chunk  25 | messages   8,891,831 | through   220,460,800 | timed   0.2473 s |    27.8 ns/msg | book digest 9fa9ae8a6b67f58b
  chunk  26 | messages   8,802,894 | through   229,263,694 | timed   0.2459 s |    27.9 ns/msg | book digest 08bb89ee4a41757d
  chunk  27 | messages   8,807,774 | through   238,071,468 | timed   0.1744 s |    19.8 ns/msg | book digest d7a6282e1d4be426
  chunk  28 | messages   8,852,723 | through   246,924,191 | timed   0.1812 s |    20.5 ns/msg | book digest 44a8ba4e5ddc385f
  chunk  29 | messages   8,855,881 | through   255,780,072 | timed   0.1773 s |    20.0 ns/msg | book digest 7b35102f956db9e3
  chunk  30 | messages   8,859,057 | through   264,639,129 | timed   0.1759 s |    19.9 ns/msg | book digest 2a685e39ad38295d
  chunk  31 | messages   8,856,447 | through   273,495,576 | timed   0.1832 s |    20.7 ns/msg | book digest f36646e40a160529
  chunk  32 | messages   8,853,835 | through   282,349,411 | timed   0.1852 s |    20.9 ns/msg | book digest a62c831486d02a27
  chunk  33 | messages   8,852,125 | through   291,201,536 | timed   0.1817 s |    20.5 ns/msg | book digest 92c8a5e78cdf802f
  chunk  34 | messages   8,845,598 | through   300,047,134 | timed   0.1877 s |    21.2 ns/msg | book digest 847e4a5e546e8347
  chunk  35 | messages   8,852,137 | through   308,899,271 | timed   0.2018 s |    22.8 ns/msg | book digest feacd1deeffb74ff
  chunk  36 | messages   8,842,900 | through   317,742,171 | timed   0.2526 s |    28.6 ns/msg | book digest d0ed479cc3c54eab
  chunk  37 | messages   8,846,111 | through   326,588,282 | timed   0.2561 s |    29.0 ns/msg | book digest cb79a5f6bbf9880f
  chunk  38 | messages   8,844,406 | through   335,432,688 | timed   0.2532 s |    28.6 ns/msg | book digest dd51f7b2c94ca7fc
  chunk  39 | messages   8,821,644 | through   344,254,332 | timed   0.2543 s |    28.8 ns/msg | book digest 8d87d117d6e96b0e
  chunk  40 | messages   8,782,265 | through   353,036,597 | timed   0.2522 s |    28.7 ns/msg | book digest f091db4758ed7028
  chunk  41 | messages   7,521,990 | through   360,558,587 | timed   0.1806 s |    24.0 ns/msg | book digest 60722612a9a7c632
  chunk  42 | messages   7,808,047 | through   368,366,634 | timed   0.2307 s |    29.5 ns/msg | book digest f7d5c6e84735b480

result (presplit, W = 4)
  timed 8.742 s for 368,366,634 messages | aggregate 42.14 M msgs/s | 23.73 ns/msg
  messages per worker: min 86,360,345 max 96,561,761 (max / mean 1.05)
  messages 368,366,634 of 368,366,634 | trailing bytes 0 | bad_length 0 | dropped_out_of_band 0 | unknown order id 0
  adds in the overflow 196,611 (predicted 196,611) | resting orders at end of file 0
  book digest chain over 42 chunk boundaries: 17b49d11d49913b3
  checks: PASS

presplit, W = 5 workers | main cpu 0 | worker cpus 1 10 11 12 13 | shard = stock_locate % 5 | split untimed | timed: start signal to last worker done
  chunk   1 | messages   9,031,559 | through     9,031,559 | timed   0.0549 s |     6.1 ns/msg | book digest c1909233da6bd73d
  chunk   2 | messages   7,661,645 | through    16,693,204 | timed   0.1056 s |    13.8 ns/msg | book digest 35ace202b2372ba5
  chunk   3 | messages   8,813,751 | through    25,506,955 | timed   0.1146 s |    13.0 ns/msg | book digest ee12c413e7aec9d7
  chunk   4 | messages   8,830,271 | through    34,337,226 | timed   0.1228 s |    13.9 ns/msg | book digest e3ebf4f7728624b1
  chunk   5 | messages   8,841,081 | through    43,178,307 | timed   0.1310 s |    14.8 ns/msg | book digest c7ce2d3b7d1aef38
  chunk   6 | messages   8,841,918 | through    52,020,225 | timed   0.1291 s |    14.6 ns/msg | book digest 768d5e3b4d4aadf7
  chunk   7 | messages   8,851,274 | through    60,871,499 | timed   0.1319 s |    14.9 ns/msg | book digest edc89b1c4e7dff5c
  chunk   8 | messages   8,847,290 | through    69,718,789 | timed   0.1287 s |    14.6 ns/msg | book digest 98297ac800eef764
  chunk   9 | messages   8,850,279 | through    78,569,068 | timed   0.1293 s |    14.6 ns/msg | book digest 6d80cf185da2bbdd
  chunk  10 | messages   8,846,957 | through    87,416,025 | timed   0.1642 s |    18.6 ns/msg | book digest f3b833d52eb39d77
  chunk  11 | messages   8,857,810 | through    96,273,835 | timed   0.1869 s |    21.1 ns/msg | book digest 9d4ff7a281bdb6e0
  chunk  12 | messages   8,864,485 | through   105,138,320 | timed   0.1838 s |    20.7 ns/msg | book digest 3539b159cef55427
  chunk  13 | messages   8,867,382 | through   114,005,702 | timed   0.1863 s |    21.0 ns/msg | book digest 13089b390423ecf2
  chunk  14 | messages   8,869,373 | through   122,875,075 | timed   0.1836 s |    20.7 ns/msg | book digest 1d08a678f7aee3e6
  chunk  15 | messages   8,870,777 | through   131,745,852 | timed   0.1801 s |    20.3 ns/msg | book digest b661faf7e007c261
  chunk  16 | messages   8,866,806 | through   140,612,658 | timed   0.1819 s |    20.5 ns/msg | book digest 1cab53b2d448467a
  chunk  17 | messages   8,871,247 | through   149,483,905 | timed   0.1831 s |    20.6 ns/msg | book digest b244fa143bbecd97
  chunk  18 | messages   8,865,332 | through   158,349,237 | timed   0.1828 s |    20.6 ns/msg | book digest 58de849165da44e9
  chunk  19 | messages   8,867,569 | through   167,216,806 | timed   0.1414 s |    15.9 ns/msg | book digest ab5b53009cf94f22
  chunk  20 | messages   8,869,363 | through   176,086,169 | timed   0.1304 s |    14.7 ns/msg | book digest 8a7cc9c9efbe72d7
  chunk  21 | messages   8,868,798 | through   184,954,967 | timed   0.1342 s |    15.1 ns/msg | book digest fce256ccb933d38c
  chunk  22 | messages   8,872,867 | through   193,827,834 | timed   0.1306 s |    14.7 ns/msg | book digest 40564c8496d17813
  chunk  23 | messages   8,868,122 | through   202,695,956 | timed   0.1284 s |    14.5 ns/msg | book digest bc6bbc54243e09bc
  chunk  24 | messages   8,873,013 | through   211,568,969 | timed   0.1254 s |    14.1 ns/msg | book digest 6e1337417720f0e4
  chunk  25 | messages   8,891,831 | through   220,460,800 | timed   0.1337 s |    15.0 ns/msg | book digest 9fa9ae8a6b67f58b
  chunk  26 | messages   8,802,894 | through   229,263,694 | timed   0.1364 s |    15.5 ns/msg | book digest 08bb89ee4a41757d
  chunk  27 | messages   8,807,774 | through   238,071,468 | timed   0.1279 s |    14.5 ns/msg | book digest d7a6282e1d4be426
  chunk  28 | messages   8,852,723 | through   246,924,191 | timed   0.1290 s |    14.6 ns/msg | book digest 44a8ba4e5ddc385f
  chunk  29 | messages   8,855,881 | through   255,780,072 | timed   0.1509 s |    17.0 ns/msg | book digest 7b35102f956db9e3
  chunk  30 | messages   8,859,057 | through   264,639,129 | timed   0.1810 s |    20.4 ns/msg | book digest 2a685e39ad38295d
  chunk  31 | messages   8,856,447 | through   273,495,576 | timed   0.1856 s |    21.0 ns/msg | book digest f36646e40a160529
  chunk  32 | messages   8,853,835 | through   282,349,411 | timed   0.1838 s |    20.8 ns/msg | book digest a62c831486d02a27
  chunk  33 | messages   8,852,125 | through   291,201,536 | timed   0.1863 s |    21.0 ns/msg | book digest 92c8a5e78cdf802f
  chunk  34 | messages   8,845,598 | through   300,047,134 | timed   0.1807 s |    20.4 ns/msg | book digest 847e4a5e546e8347
  chunk  35 | messages   8,852,137 | through   308,899,271 | timed   0.1855 s |    21.0 ns/msg | book digest feacd1deeffb74ff
  chunk  36 | messages   8,842,900 | through   317,742,171 | timed   0.1884 s |    21.3 ns/msg | book digest d0ed479cc3c54eab
  chunk  37 | messages   8,846,111 | through   326,588,282 | timed   0.1909 s |    21.6 ns/msg | book digest cb79a5f6bbf9880f
  chunk  38 | messages   8,844,406 | through   335,432,688 | timed   0.1438 s |    16.3 ns/msg | book digest dd51f7b2c94ca7fc
  chunk  39 | messages   8,821,644 | through   344,254,332 | timed   0.1362 s |    15.4 ns/msg | book digest 8d87d117d6e96b0e
  chunk  40 | messages   8,782,265 | through   353,036,597 | timed   0.1374 s |    15.6 ns/msg | book digest f091db4758ed7028
  chunk  41 | messages   7,521,990 | through   360,558,587 | timed   0.0971 s |    12.9 ns/msg | book digest 60722612a9a7c632
  chunk  42 | messages   7,808,047 | through   368,366,634 | timed   0.1357 s |    17.4 ns/msg | book digest f7d5c6e84735b480

result (presplit, W = 5)
  timed 6.281 s for 368,366,634 messages | aggregate 58.64 M msgs/s | 17.05 ns/msg
  messages per worker: min 70,852,404 max 76,372,167 (max / mean 1.04)
  messages 368,366,634 of 368,366,634 | trailing bytes 0 | bad_length 0 | dropped_out_of_band 0 | unknown order id 0
  adds in the overflow 196,611 (predicted 196,611) | resting orders at end of file 0
  book digest chain over 42 chunk boundaries: 17b49d11d49913b3
  checks: PASS

presplit, W = 8 workers | main cpu 0 | worker cpus 1 10 11 12 13 2 3 4 | shard = stock_locate % 8 | split untimed | timed: start signal to last worker done
  chunk   1 | messages   9,031,559 | through     9,031,559 | timed   0.0397 s |     4.4 ns/msg | book digest c1909233da6bd73d
  chunk   2 | messages   7,661,645 | through    16,693,204 | timed   0.0926 s |    12.1 ns/msg | book digest 35ace202b2372ba5
  chunk   3 | messages   8,813,751 | through    25,506,955 | timed   0.0966 s |    11.0 ns/msg | book digest ee12c413e7aec9d7
  chunk   4 | messages   8,830,271 | through    34,337,226 | timed   0.1117 s |    12.6 ns/msg | book digest e3ebf4f7728624b1
  chunk   5 | messages   8,841,081 | through    43,178,307 | timed   0.1578 s |    17.8 ns/msg | book digest c7ce2d3b7d1aef38
  chunk   6 | messages   8,841,918 | through    52,020,225 | timed   0.1650 s |    18.7 ns/msg | book digest 768d5e3b4d4aadf7
  chunk   7 | messages   8,851,274 | through    60,871,499 | timed   0.1625 s |    18.4 ns/msg | book digest edc89b1c4e7dff5c
  chunk   8 | messages   8,847,290 | through    69,718,789 | timed   0.1682 s |    19.0 ns/msg | book digest 98297ac800eef764
  chunk   9 | messages   8,850,279 | through    78,569,068 | timed   0.1646 s |    18.6 ns/msg | book digest 6d80cf185da2bbdd
  chunk  10 | messages   8,846,957 | through    87,416,025 | timed   0.1566 s |    17.7 ns/msg | book digest f3b833d52eb39d77
  chunk  11 | messages   8,857,810 | through    96,273,835 | timed   0.1645 s |    18.6 ns/msg | book digest 9d4ff7a281bdb6e0
  chunk  12 | messages   8,864,485 | through   105,138,320 | timed   0.1632 s |    18.4 ns/msg | book digest 3539b159cef55427
  chunk  13 | messages   8,867,382 | through   114,005,702 | timed   0.1643 s |    18.5 ns/msg | book digest 13089b390423ecf2
  chunk  14 | messages   8,869,373 | through   122,875,075 | timed   0.1126 s |    12.7 ns/msg | book digest 1d08a678f7aee3e6
  chunk  15 | messages   8,870,777 | through   131,745,852 | timed   0.1031 s |    11.6 ns/msg | book digest b661faf7e007c261
  chunk  16 | messages   8,866,806 | through   140,612,658 | timed   0.1112 s |    12.5 ns/msg | book digest 1cab53b2d448467a
  chunk  17 | messages   8,871,247 | through   149,483,905 | timed   0.1119 s |    12.6 ns/msg | book digest b244fa143bbecd97
  chunk  18 | messages   8,865,332 | through   158,349,237 | timed   0.1149 s |    13.0 ns/msg | book digest 58de849165da44e9
  chunk  19 | messages   8,867,569 | through   167,216,806 | timed   0.1204 s |    13.6 ns/msg | book digest ab5b53009cf94f22
  chunk  20 | messages   8,869,363 | through   176,086,169 | timed   0.1090 s |    12.3 ns/msg | book digest 8a7cc9c9efbe72d7
  chunk  21 | messages   8,868,798 | through   184,954,967 | timed   0.1184 s |    13.3 ns/msg | book digest fce256ccb933d38c
  chunk  22 | messages   8,872,867 | through   193,827,834 | timed   0.1111 s |    12.5 ns/msg | book digest 40564c8496d17813
  chunk  23 | messages   8,868,122 | through   202,695,956 | timed   0.1728 s |    19.5 ns/msg | book digest bc6bbc54243e09bc
  chunk  24 | messages   8,873,013 | through   211,568,969 | timed   0.1710 s |    19.3 ns/msg | book digest 6e1337417720f0e4
  chunk  25 | messages   8,891,831 | through   220,460,800 | timed   0.1688 s |    19.0 ns/msg | book digest 9fa9ae8a6b67f58b
  chunk  26 | messages   8,802,894 | through   229,263,694 | timed   0.1670 s |    19.0 ns/msg | book digest 08bb89ee4a41757d
  chunk  27 | messages   8,807,774 | through   238,071,468 | timed   0.1719 s |    19.5 ns/msg | book digest d7a6282e1d4be426
  chunk  28 | messages   8,852,723 | through   246,924,191 | timed   0.1731 s |    19.5 ns/msg | book digest 44a8ba4e5ddc385f
  chunk  29 | messages   8,855,881 | through   255,780,072 | timed   0.1631 s |    18.4 ns/msg | book digest 7b35102f956db9e3
  chunk  30 | messages   8,859,057 | through   264,639,129 | timed   0.1637 s |    18.5 ns/msg | book digest 2a685e39ad38295d
  chunk  31 | messages   8,856,447 | through   273,495,576 | timed   0.1731 s |    19.5 ns/msg | book digest f36646e40a160529
  chunk  32 | messages   8,853,835 | through   282,349,411 | timed   0.1120 s |    12.6 ns/msg | book digest a62c831486d02a27
  chunk  33 | messages   8,852,125 | through   291,201,536 | timed   0.1167 s |    13.2 ns/msg | book digest 92c8a5e78cdf802f
  chunk  34 | messages   8,845,598 | through   300,047,134 | timed   0.1190 s |    13.5 ns/msg | book digest 847e4a5e546e8347
  chunk  35 | messages   8,852,137 | through   308,899,271 | timed   0.1182 s |    13.4 ns/msg | book digest feacd1deeffb74ff
  chunk  36 | messages   8,842,900 | through   317,742,171 | timed   0.1280 s |    14.5 ns/msg | book digest d0ed479cc3c54eab
  chunk  37 | messages   8,846,111 | through   326,588,282 | timed   0.1191 s |    13.5 ns/msg | book digest cb79a5f6bbf9880f
  chunk  38 | messages   8,844,406 | through   335,432,688 | timed   0.1163 s |    13.1 ns/msg | book digest dd51f7b2c94ca7fc
  chunk  39 | messages   8,821,644 | through   344,254,332 | timed   0.1168 s |    13.2 ns/msg | book digest 8d87d117d6e96b0e
  chunk  40 | messages   8,782,265 | through   353,036,597 | timed   0.1166 s |    13.3 ns/msg | book digest f091db4758ed7028
  chunk  41 | messages   7,521,990 | through   360,558,587 | timed   0.1020 s |    13.6 ns/msg | book digest 60722612a9a7c632
  chunk  42 | messages   7,808,047 | through   368,366,634 | timed   0.1797 s |    23.0 ns/msg | book digest f7d5c6e84735b480

result (presplit, W = 8)
  timed 5.689 s for 368,366,634 messages | aggregate 64.76 M msgs/s | 15.44 ns/msg
  messages per worker: min 42,382,475 max 49,382,101 (max / mean 1.07)
  messages 368,366,634 of 368,366,634 | trailing bytes 0 | bad_length 0 | dropped_out_of_band 0 | unknown order id 0
  adds in the overflow 196,611 (predicted 196,611) | resting orders at end of file 0
  book digest chain over 42 chunk boundaries: 17b49d11d49913b3
  checks: PASS

presplit, W = 13 workers | main cpu 0 | worker cpus 1 10 11 12 13 2 3 4 5 6 7 8 9 | shard = stock_locate % 13 | split untimed | timed: start signal to last worker done
  chunk   1 | messages   9,031,559 | through     9,031,559 | timed   0.0561 s |     6.2 ns/msg | book digest c1909233da6bd73d
  chunk   2 | messages   7,661,645 | through    16,693,204 | timed   0.0766 s |    10.0 ns/msg | book digest 35ace202b2372ba5
  chunk   3 | messages   8,813,751 | through    25,506,955 | timed   0.0863 s |     9.8 ns/msg | book digest ee12c413e7aec9d7
  chunk   4 | messages   8,830,271 | through    34,337,226 | timed   0.0919 s |    10.4 ns/msg | book digest e3ebf4f7728624b1
  chunk   5 | messages   8,841,081 | through    43,178,307 | timed   0.0833 s |     9.4 ns/msg | book digest c7ce2d3b7d1aef38
  chunk   6 | messages   8,841,918 | through    52,020,225 | timed   0.0959 s |    10.8 ns/msg | book digest 768d5e3b4d4aadf7
  chunk   7 | messages   8,851,274 | through    60,871,499 | timed   0.0951 s |    10.7 ns/msg | book digest edc89b1c4e7dff5c
  chunk   8 | messages   8,847,290 | through    69,718,789 | timed   0.0921 s |    10.4 ns/msg | book digest 98297ac800eef764
  chunk   9 | messages   8,850,279 | through    78,569,068 | timed   0.0927 s |    10.5 ns/msg | book digest 6d80cf185da2bbdd
  chunk  10 | messages   8,846,957 | through    87,416,025 | timed   0.0937 s |    10.6 ns/msg | book digest f3b833d52eb39d77
  chunk  11 | messages   8,857,810 | through    96,273,835 | timed   0.0964 s |    10.9 ns/msg | book digest 9d4ff7a281bdb6e0
  chunk  12 | messages   8,864,485 | through   105,138,320 | timed   0.0831 s |     9.4 ns/msg | book digest 3539b159cef55427
  chunk  13 | messages   8,867,382 | through   114,005,702 | timed   0.0942 s |    10.6 ns/msg | book digest 13089b390423ecf2
  chunk  14 | messages   8,869,373 | through   122,875,075 | timed   0.0942 s |    10.6 ns/msg | book digest 1d08a678f7aee3e6
  chunk  15 | messages   8,870,777 | through   131,745,852 | timed   0.0901 s |    10.2 ns/msg | book digest b661faf7e007c261
  chunk  16 | messages   8,866,806 | through   140,612,658 | timed   0.0972 s |    11.0 ns/msg | book digest 1cab53b2d448467a
  chunk  17 | messages   8,871,247 | through   149,483,905 | timed   0.0939 s |    10.6 ns/msg | book digest b244fa143bbecd97
  chunk  18 | messages   8,865,332 | through   158,349,237 | timed   0.0864 s |     9.7 ns/msg | book digest 58de849165da44e9
  chunk  19 | messages   8,867,569 | through   167,216,806 | timed   0.0918 s |    10.4 ns/msg | book digest ab5b53009cf94f22
  chunk  20 | messages   8,869,363 | through   176,086,169 | timed   0.0932 s |    10.5 ns/msg | book digest 8a7cc9c9efbe72d7
  chunk  21 | messages   8,868,798 | through   184,954,967 | timed   0.0956 s |    10.8 ns/msg | book digest fce256ccb933d38c
  chunk  22 | messages   8,872,867 | through   193,827,834 | timed   0.0955 s |    10.8 ns/msg | book digest 40564c8496d17813
  chunk  23 | messages   8,868,122 | through   202,695,956 | timed   0.0905 s |    10.2 ns/msg | book digest bc6bbc54243e09bc
  chunk  24 | messages   8,873,013 | through   211,568,969 | timed   0.0883 s |    10.0 ns/msg | book digest 6e1337417720f0e4
  chunk  25 | messages   8,891,831 | through   220,460,800 | timed   0.0897 s |    10.1 ns/msg | book digest 9fa9ae8a6b67f58b
  chunk  26 | messages   8,802,894 | through   229,263,694 | timed   0.0954 s |    10.8 ns/msg | book digest 08bb89ee4a41757d
  chunk  27 | messages   8,807,774 | through   238,071,468 | timed   0.0942 s |    10.7 ns/msg | book digest d7a6282e1d4be426
  chunk  28 | messages   8,852,723 | through   246,924,191 | timed   0.0824 s |     9.3 ns/msg | book digest 44a8ba4e5ddc385f
  chunk  29 | messages   8,855,881 | through   255,780,072 | timed   0.0792 s |     8.9 ns/msg | book digest 7b35102f956db9e3
  chunk  30 | messages   8,859,057 | through   264,639,129 | timed   0.0814 s |     9.2 ns/msg | book digest 2a685e39ad38295d
  chunk  31 | messages   8,856,447 | through   273,495,576 | timed   0.0764 s |     8.6 ns/msg | book digest f36646e40a160529
  chunk  32 | messages   8,853,835 | through   282,349,411 | timed   0.0740 s |     8.4 ns/msg | book digest a62c831486d02a27
  chunk  33 | messages   8,852,125 | through   291,201,536 | timed   0.0851 s |     9.6 ns/msg | book digest 92c8a5e78cdf802f
  chunk  34 | messages   8,845,598 | through   300,047,134 | timed   0.0890 s |    10.1 ns/msg | book digest 847e4a5e546e8347
  chunk  35 | messages   8,852,137 | through   308,899,271 | timed   0.0771 s |     8.7 ns/msg | book digest feacd1deeffb74ff
  chunk  36 | messages   8,842,900 | through   317,742,171 | timed   0.0879 s |     9.9 ns/msg | book digest d0ed479cc3c54eab
  chunk  37 | messages   8,846,111 | through   326,588,282 | timed   0.0841 s |     9.5 ns/msg | book digest cb79a5f6bbf9880f
  chunk  38 | messages   8,844,406 | through   335,432,688 | timed   0.0903 s |    10.2 ns/msg | book digest dd51f7b2c94ca7fc
  chunk  39 | messages   8,821,644 | through   344,254,332 | timed   0.0882 s |    10.0 ns/msg | book digest 8d87d117d6e96b0e
  chunk  40 | messages   8,782,265 | through   353,036,597 | timed   0.0930 s |    10.6 ns/msg | book digest f091db4758ed7028
  chunk  41 | messages   7,521,990 | through   360,558,587 | timed   0.0650 s |     8.6 ns/msg | book digest 60722612a9a7c632
  chunk  42 | messages   7,808,047 | through   368,366,634 | timed   0.1046 s |    13.4 ns/msg | book digest f7d5c6e84735b480

result (presplit, W = 13)
  timed 3.691 s for 368,366,634 messages | aggregate 99.80 M msgs/s | 10.02 ns/msg
  messages per worker: min 22,408,555 max 35,085,599 (max / mean 1.24)
  messages 368,366,634 of 368,366,634 | trailing bytes 0 | bad_length 0 | dropped_out_of_band 0 | unknown order id 0
  adds in the overflow 196,611 (predicted 196,611) | resting orders at end of file 0
  book digest chain over 42 chunk boundaries: 17b49d11d49913b3
  checks: PASS

wall time after setup 198 s

RESULT: PASS
exit 0
