=== lob_perf: NASDAQ TotalView-ITCH 5.0 recorded day, mode latency ===
run: 2026-09-21 05:26:52 local | command: lob_perf_latency.exe 01302019.NASDAQ_ITCH50
machine
  cpu: Intel(R) Core(TM) Ultra 7 265H | logical processors: 16
  cpu sets (index: efficiency class / core / last-level cache):
    0: 1/0/0 1: 1/1/0 2: 0/2/0 3: 0/3/0 4: 0/4/0 5: 0/5/0 6: 0/6/0 7: 0/7/0
    8: 0/8/0 9: 0/9/0 10: 1/10/0 11: 1/11/0 12: 1/12/0 13: 1/13/0 14: 0/14/14 15: 0/15/14
  os: Windows 10.0 build 26200
  memory: 31.5 GB total, 9.6 GB available at start
  power: AC line online | battery 100% | battery saver off
  compiler: g++ 16.1.0 | flags: -std=c++20 -O3 -march=native -DNDEBUG -Wall -Wextra -pthread -static -I include -DLOB_PERF_LATENCY
  source: git commit 9f9ee75779ec3ecf03922cfed72c813d473b3c36
  cpu order, fastest type first: 0 1 10 11 12 13 2 3 4 5 6 7 8 9 14 15
tsc
  invariant TSC (CPUID 80000007h EDX bit 8): yes
  CPUID 15h nominal TSC frequency: 3.686400 GHz
  measured against steady_clock (QueryPerformanceCounter on Windows), five 1 s windows: 3.686400 3.686398 3.686398 3.686398 3.686398 GHz | median 3.686398 GHz

pre-scan and sizing (untimed, 95.3 s; the same as lob_replay's)
  file 01302019.NASDAQ_ITCH50 | chunk 268,435,456 bytes | ladder budget 1,024 MB
  bytes 11,245,883,092 | messages 368,366,634 | trailing bytes 0 | bad_length 0 | pre-scan 84.8 s
  by type:
    A 162,970,455 | B 116 | C 158,886 | D 158,273,361 | E 8,096,995 | F 1,725,898 | H 8,805 | I 3,684,511 | J 62
    L 193,769 | P 1,326,184 | Q 17,430 | R 8,714 | S 6 | U 27,222,746 | V 1 | X 4,669,874 | Y 8,821
  books 8,695 | ladders 1024 MB | pools 2,276,721 slots | id maps 6,642,368 slots | adds 191,919,099, on the ladders (predicted) 191,722,488

per-message latency | thread pinned to cpu 1 | every message timed
  timed region per message: the book lookup by stock_locate and itch::dispatch_checked<WireUnits>(), between rdtsc_begin() (lfence; rdtsc) and rdtsc_end() (rdtscp; lfence)
  empty timer pair, 100,000 samples: min 72 | p50 82 | p99 104 cycles (before the pass, after 0.5 s of busy spinning; measured again after every chunk and after the pass)
  chunk   1 | messages   9,031,559 | through     9,031,559 | timed   1.0664 s |   118.1 ns/msg | book digest c1909233da6bd73d
  chunk   2 | messages   7,661,645 | through    16,693,204 | timed   2.0227 s |   264.0 ns/msg | book digest 35ace202b2372ba5
  chunk   3 | messages   8,813,751 | through    25,506,955 | timed   1.9788 s |   224.5 ns/msg | book digest ee12c413e7aec9d7
  chunk   4 | messages   8,830,271 | through    34,337,226 | timed   2.3875 s |   270.4 ns/msg | book digest e3ebf4f7728624b1
  chunk   5 | messages   8,841,081 | through    43,178,307 | timed   2.5569 s |   289.2 ns/msg | book digest c7ce2d3b7d1aef38
  chunk   6 | messages   8,841,918 | through    52,020,225 | timed   2.1097 s |   238.6 ns/msg | book digest 768d5e3b4d4aadf7
  chunk   7 | messages   8,851,274 | through    60,871,499 | timed   2.6264 s |   296.7 ns/msg | book digest edc89b1c4e7dff5c
  chunk   8 | messages   8,847,290 | through    69,718,789 | timed   2.6522 s |   299.8 ns/msg | book digest 98297ac800eef764
  chunk   9 | messages   8,850,279 | through    78,569,068 | timed   1.9890 s |   224.7 ns/msg | book digest 6d80cf185da2bbdd
  chunk  10 | messages   8,846,957 | through    87,416,025 | timed   2.7066 s |   305.9 ns/msg | book digest f3b833d52eb39d77
  chunk  11 | messages   8,857,810 | through    96,273,835 | timed   2.5277 s |   285.4 ns/msg | book digest 9d4ff7a281bdb6e0
  chunk  12 | messages   8,864,485 | through   105,138,320 | timed   2.1911 s |   247.2 ns/msg | book digest 3539b159cef55427
  chunk  13 | messages   8,867,382 | through   114,005,702 | timed   2.8310 s |   319.3 ns/msg | book digest 13089b390423ecf2
  chunk  14 | messages   8,869,373 | through   122,875,075 | timed   2.1889 s |   246.8 ns/msg | book digest 1d08a678f7aee3e6
  chunk  15 | messages   8,870,777 | through   131,745,852 | timed   2.4511 s |   276.3 ns/msg | book digest b661faf7e007c261
  chunk  16 | messages   8,866,806 | through   140,612,658 | timed   2.7321 s |   308.1 ns/msg | book digest 1cab53b2d448467a
  chunk  17 | messages   8,871,247 | through   149,483,905 | timed   2.0635 s |   232.6 ns/msg | book digest b244fa143bbecd97
  chunk  18 | messages   8,865,332 | through   158,349,237 | timed   2.6557 s |   299.6 ns/msg | book digest 58de849165da44e9
  chunk  19 | messages   8,867,569 | through   167,216,806 | timed   2.6052 s |   293.8 ns/msg | book digest ab5b53009cf94f22
  chunk  20 | messages   8,869,363 | through   176,086,169 | timed   2.2924 s |   258.5 ns/msg | book digest 8a7cc9c9efbe72d7
  chunk  21 | messages   8,868,798 | through   184,954,967 | timed   2.7399 s |   308.9 ns/msg | book digest fce256ccb933d38c
  chunk  22 | messages   8,872,867 | through   193,827,834 | timed   2.3711 s |   267.2 ns/msg | book digest 40564c8496d17813
  chunk  23 | messages   8,868,122 | through   202,695,956 | timed   2.5257 s |   284.8 ns/msg | book digest bc6bbc54243e09bc
  chunk  24 | messages   8,873,013 | through   211,568,969 | timed   2.6337 s |   296.8 ns/msg | book digest 6e1337417720f0e4
  chunk  25 | messages   8,891,831 | through   220,460,800 | timed   2.0755 s |   233.4 ns/msg | book digest 9fa9ae8a6b67f58b
  chunk  26 | messages   8,802,894 | through   229,263,694 | timed   2.8826 s |   327.5 ns/msg | book digest 08bb89ee4a41757d
  chunk  27 | messages   8,807,774 | through   238,071,468 | timed   2.2808 s |   258.9 ns/msg | book digest d7a6282e1d4be426
  chunk  28 | messages   8,852,723 | through   246,924,191 | timed   2.0786 s |   234.8 ns/msg | book digest 44a8ba4e5ddc385f
  chunk  29 | messages   8,855,881 | through   255,780,072 | timed   2.7325 s |   308.6 ns/msg | book digest 7b35102f956db9e3
  chunk  30 | messages   8,859,057 | through   264,639,129 | timed   2.3660 s |   267.1 ns/msg | book digest 2a685e39ad38295d
  chunk  31 | messages   8,856,447 | through   273,495,576 | timed   2.4044 s |   271.5 ns/msg | book digest f36646e40a160529
  chunk  32 | messages   8,853,835 | through   282,349,411 | timed   2.7726 s |   313.1 ns/msg | book digest a62c831486d02a27
  chunk  33 | messages   8,852,125 | through   291,201,536 | timed   2.0755 s |   234.5 ns/msg | book digest 92c8a5e78cdf802f
  chunk  34 | messages   8,845,598 | through   300,047,134 | timed   2.5767 s |   291.3 ns/msg | book digest 847e4a5e546e8347
  chunk  35 | messages   8,852,137 | through   308,899,271 | timed   2.6784 s |   302.6 ns/msg | book digest feacd1deeffb74ff
  chunk  36 | messages   8,842,900 | through   317,742,171 | timed   2.2432 s |   253.7 ns/msg | book digest d0ed479cc3c54eab
  chunk  37 | messages   8,846,111 | through   326,588,282 | timed   2.8397 s |   321.0 ns/msg | book digest cb79a5f6bbf9880f
  chunk  38 | messages   8,844,406 | through   335,432,688 | timed   2.3801 s |   269.1 ns/msg | book digest dd51f7b2c94ca7fc
  chunk  39 | messages   8,821,644 | through   344,254,332 | timed   2.4777 s |   280.9 ns/msg | book digest 8d87d117d6e96b0e
  chunk  40 | messages   8,782,265 | through   353,036,597 | timed   2.7324 s |   311.1 ns/msg | book digest f091db4758ed7028
  chunk  41 | messages   7,521,990 | through   360,558,587 | timed   1.6704 s |   222.1 ns/msg | book digest 60722612a9a7c632
  chunk  42 | messages   7,808,047 | through   368,366,634 | timed   2.3260 s |   297.9 ns/msg | book digest f7d5c6e84735b480

result (per-message latency, cpu 1; chunk times above include the timers and are not throughput)
  TSC over the whole pass (109.8 s): 3.686398 GHz; ns = cycles / 3.686398
  empty timer pair after each chunk, 10,000 samples each, min cycles:
    78 78 64 78 80 54 80 72 78 82 68 80 82 68 80 78 68 78 64 78 78
    78 80 82 66 80 58 80 80 72 78 82 74 34 74 78 78 66 78 78 74 80
  empty timer pair after the pass, 100,000 samples: min 72 | p50 82 | p99 90 cycles
  subtracted from every sample, clamped at 0: 34 cycles, the smallest minimum seen (before the pass 72, after the chunks 34 to 82, after the pass 72)
  samples clamped to 0 after overhead subtraction: 0
  percentiles are nearest-rank over every sample

  TSC cycles
  type       messages |     mean |     min |     p50 |     p90 |     p99 |    p99.9 |   p99.99 |        max
  A       162,970,455 |    732.1 |      22 |     674 |    1242 |    2520 |     3640 |    23940 |   21368034
  F         1,725,898 |    823.6 |      26 |     710 |    1518 |    2834 |     5622 |    25550 |    1503646
  E         8,096,995 |    989.0 |      24 |     680 |    2248 |    4646 |     5970 |    26966 |    2219628
  C           158,886 |    683.1 |      24 |     382 |    1520 |    4290 |     5746 |    24138 |     430196
  X         4,669,874 |    570.9 |      22 |     304 |    1336 |    3470 |     5216 |    22530 |    1936744
  D       158,273,361 |    952.0 |      26 |     648 |    2152 |    4446 |     5822 |    26950 |   14382344
  U        27,222,746 |   1050.6 |      34 |     820 |    2020 |    3838 |     5514 |    27454 |   19179756
  other     5,248,419 |     41.6 |       4 |      28 |     100 |     162 |      518 |      800 |     237800
  orders  363,118,215 |    855.9 |      22 |     676 |    1720 |    3920 |     5522 |    25646 |   21368034
  all     368,366,634 |    844.3 |       4 |     670 |    1708 |    3906 |     5512 |    25550 |   21368034

  nanoseconds
  type       messages |     mean |     min |     p50 |     p90 |     p99 |    p99.9 |   p99.99 |        max
  A       162,970,455 |    198.6 |       6 |     183 |     337 |     684 |      987 |     6494 |    5796454
  F         1,725,898 |    223.4 |       7 |     193 |     412 |     769 |     1525 |     6931 |     407890
  E         8,096,995 |    268.3 |       7 |     184 |     610 |    1260 |     1619 |     7315 |     602113
  C           158,886 |    185.3 |       7 |     104 |     412 |    1164 |     1559 |     6548 |     116698
  X         4,669,874 |    154.9 |       6 |      82 |     362 |     941 |     1415 |     6112 |     525376
  D       158,273,361 |    258.3 |       7 |     176 |     584 |    1206 |     1579 |     7311 |    3901463
  U        27,222,746 |    285.0 |       9 |     222 |     548 |    1041 |     1496 |     7447 |    5202845
  other     5,248,419 |     11.3 |       1 |       8 |      27 |      44 |      141 |      217 |      64507
  orders  363,118,215 |    232.2 |       6 |     183 |     467 |    1063 |     1498 |     6957 |    5796454
  all     368,366,634 |    229.0 |       1 |     182 |     463 |    1060 |     1495 |     6931 |    5796454

  messages 368,366,634 of 368,366,634 | trailing bytes 0 | bad_length 0 | dropped_out_of_band 0 | unknown order id 0
  adds in the overflow 196,611 (predicted 196,611) | resting orders at end of file 0
  book digest chain over 42 chunk boundaries: 17b49d11d49913b3
  checks: PASS
wall time after setup 111 s

RESULT: PASS
exit 0
