=== lob_replay: NASDAQ TotalView-ITCH 5.0 day replay with ref::Market differential ===
run: 2026-09-23 10:12:05 local | cpu: Intel(R) Core(TM) Ultra 7 265H | compiler: g++ 16.1.0
command: lob_replay 01302019.NASDAQ_ITCH50 --differential --placement causal
source: git commit b8ea69f059225ae816bb683c0fb57aeade1746b6
file: 01302019.NASDAQ_ITCH50
chunk 268,435,456 bytes | checkpoint every 5,000,000 messages | ladder budget 1,024 MB | placement causal

[1] pre-scan (untimed, 187.9 s)
  bytes 11,245,883,092 | messages 368,366,634 | trailing bytes 0
  message counts by type:
     A   162,970,455    B           116    C       158,886    D   158,273,361
     E     8,096,995    F     1,725,898    H         8,805    I     3,684,511
     J            62    L       193,769    P     1,326,184    Q        17,430
     R         8,714    S             6    U    27,222,746    V             1
     X     4,669,874    Y         8,821
  bad_length 0 | unknown type 0
  first message 03:03:59.687 | last message 20:05:00.000 (ET, from message timestamps) | timestamps out of order 0
  stock directory: 8,714 'R' messages for 8,713 stock_locates (1 repeated, 0 renamed) | locates with order messages: 8,695
  adds (A, F and the add half of U): 191,919,099 | peak resting orders, whole market: 1,742,866
  add prices that are not whole cents: 718,627 | outside $0.01..$1310.72: 587,096
  sizing (18.6 s): 8,695 books | grid $0.01: 8,695, grid $0.0001: 0 | ladder 859 MB | band ticks min 2,048 median 2,048 max 2,048
  placement causal: every ladder 2,048 ticks; each book centers it on its first add and re-centers it on its midpoint after 8 near-touch misses, grid $0.01 at or above $1.00 and $0.0001 below, from the messages already applied (grids and bands above are before the first add)
  adds the ladders cover: not predicted, the ladders move
  pools 2,276,721 order slots (73 MB) | id maps 6,642,368 slots (106 MB)

  named symbols (Stock Directory, and the 'Q' crosses NASDAQ ran):
  AAPL   locate 14    adds 875,938 | peak resting 42,774 | ladder 2,048 ticks, placed by the book
         opening cross 163.2200 x 770,817 shares at 09:30:00.300
         closing cross 165.2500 x 2,340,937 shares at 16:00:00.563
  MSFT   locate 5217  adds 867,658 | peak resting 22,116 | ladder 2,048 ticks, placed by the book
         opening cross 104.6200 x 500,581 shares at 09:30:00.148
         closing cross 106.3800 x 2,606,642 shares at 16:00:00.531
  AMZN   locate 381   adds 511,215 | peak resting 39,028 | ladder 2,048 ticks, placed by the book
         opening cross 1623.0000 x 42,456 shares at 09:30:00.752
         closing cross 1670.4300 x 183,741 shares at 16:00:00.764
  BRK.A  not in this day's stock directory
  BKNG   locate 894   adds 46,197 | peak resting 1,499 | ladder 2,048 ticks, placed by the book
         opening cross 1825.3300 x 2,222 shares at 09:30:00.291
         closing cross 1818.7000 x 19,741 shares at 16:00:00.613
  WFT    locate 8401  adds 71,082 | peak resting 741 | ladder 2,048 ticks, placed by the book
         opening cross 0.0000 x 0 shares at 09:30:00.560
         closing cross 0.0000 x 0 shares at 16:00:00.427

[2] replay, differential against ref::Market after every message and in full at every checkpoint | thread pinned to cpu 2
  checkpoint   1 | message     5,000,000 | 07:50:47.762 | books 8,695 | levels 17,212 | orders 21,239 | mismatches 0
  chunk   1 | messages     9,031,559 | book digest c1909233da6bd73d
  checkpoint   2 | message    10,000,000 | 09:29:25.142 | books 8,695 | levels 197,459 | orders 340,926 | mismatches 0
  checkpoint   3 | message    15,000,000 | 09:32:23.480 | books 8,695 | levels 623,177 | orders 1,481,028 | mismatches 0
  chunk   2 | messages    16,693,204 | book digest 35ace202b2372ba5
  checkpoint   4 | message    20,000,000 | 09:36:09.034 | books 8,695 | levels 649,158 | orders 1,533,131 | mismatches 0
  checkpoint   5 | message    25,000,000 | 09:39:49.689 | books 8,695 | levels 658,319 | orders 1,556,851 | mismatches 0
  chunk   3 | messages    25,506,955 | book digest ee12c413e7aec9d7
  checkpoint   6 | message    30,000,000 | 09:43:45.424 | books 8,695 | levels 656,103 | orders 1,548,122 | mismatches 0
  chunk   4 | messages    34,337,226 | book digest e3ebf4f7728624b1
  checkpoint   7 | message    35,000,000 | 09:47:51.598 | books 8,695 | levels 654,409 | orders 1,570,457 | mismatches 0
  checkpoint   8 | message    40,000,000 | 09:52:10.696 | books 8,695 | levels 658,245 | orders 1,585,524 | mismatches 0
  chunk   5 | messages    43,178,307 | book digest c7ce2d3b7d1aef38
  checkpoint   9 | message    45,000,000 | 09:56:54.377 | books 8,695 | levels 659,668 | orders 1,589,701 | mismatches 0
  checkpoint  10 | message    50,000,000 | 10:01:44.569 | books 8,695 | levels 661,217 | orders 1,593,422 | mismatches 0
  chunk   6 | messages    52,020,225 | book digest 768d5e3b4d4aadf7
  checkpoint  11 | message    55,000,000 | 10:06:04.473 | books 8,695 | levels 663,443 | orders 1,600,015 | mismatches 0
  checkpoint  12 | message    60,000,000 | 10:11:06.173 | books 8,695 | levels 664,483 | orders 1,605,440 | mismatches 0
  chunk   7 | messages    60,871,499 | book digest edc89b1c4e7dff5c
  checkpoint  13 | message    65,000,000 | 10:15:56.915 | books 8,695 | levels 667,286 | orders 1,612,661 | mismatches 0
  chunk   8 | messages    69,718,789 | book digest 98297ac800eef764
  checkpoint  14 | message    70,000,000 | 10:21:06.736 | books 8,695 | levels 667,456 | orders 1,614,490 | mismatches 0
  checkpoint  15 | message    75,000,000 | 10:26:57.655 | books 8,695 | levels 667,861 | orders 1,615,303 | mismatches 0
  chunk   9 | messages    78,569,068 | book digest 6d80cf185da2bbdd
  checkpoint  16 | message    80,000,000 | 10:32:45.713 | books 8,695 | levels 669,032 | orders 1,613,450 | mismatches 0
  checkpoint  17 | message    85,000,000 | 10:37:51.130 | books 8,695 | levels 670,788 | orders 1,620,864 | mismatches 0
  chunk  10 | messages    87,416,025 | book digest f3b833d52eb39d77
  checkpoint  18 | message    90,000,000 | 10:43:20.184 | books 8,695 | levels 672,199 | orders 1,626,686 | mismatches 0
  checkpoint  19 | message    95,000,000 | 10:49:09.141 | books 8,695 | levels 672,821 | orders 1,629,107 | mismatches 0
  chunk  11 | messages    96,273,835 | book digest 9d4ff7a281bdb6e0
  checkpoint  20 | message   100,000,000 | 10:55:11.316 | books 8,695 | levels 673,338 | orders 1,629,079 | mismatches 0
  checkpoint  21 | message   105,000,000 | 11:00:35.156 | books 8,695 | levels 673,799 | orders 1,630,196 | mismatches 0
  chunk  12 | messages   105,138,320 | book digest 3539b159cef55427
  checkpoint  22 | message   110,000,000 | 11:04:57.847 | books 8,695 | levels 675,257 | orders 1,627,768 | mismatches 0
  chunk  13 | messages   114,005,702 | book digest 13089b390423ecf2
  checkpoint  23 | message   115,000,000 | 11:10:55.101 | books 8,695 | levels 676,318 | orders 1,632,730 | mismatches 0
  checkpoint  24 | message   120,000,000 | 11:16:53.860 | books 8,695 | levels 676,562 | orders 1,637,947 | mismatches 0
  chunk  14 | messages   122,875,075 | book digest 1d08a678f7aee3e6
  checkpoint  25 | message   125,000,000 | 11:23:10.732 | books 8,695 | levels 676,171 | orders 1,639,045 | mismatches 0
  checkpoint  26 | message   130,000,000 | 11:29:44.876 | books 8,695 | levels 676,463 | orders 1,639,491 | mismatches 0
  chunk  15 | messages   131,745,852 | book digest b661faf7e007c261
  checkpoint  27 | message   135,000,000 | 11:36:21.981 | books 8,695 | levels 676,891 | orders 1,639,796 | mismatches 0
  checkpoint  28 | message   140,000,000 | 11:43:12.138 | books 8,695 | levels 677,254 | orders 1,640,117 | mismatches 0
  chunk  16 | messages   140,612,658 | book digest 1cab53b2d448467a
  checkpoint  29 | message   145,000,000 | 11:50:10.259 | books 8,695 | levels 677,456 | orders 1,641,331 | mismatches 0
  chunk  17 | messages   149,483,905 | book digest b244fa143bbecd97
  checkpoint  30 | message   150,000,000 | 11:57:40.768 | books 8,695 | levels 677,707 | orders 1,642,646 | mismatches 0
  checkpoint  31 | message   151,453,346 | 11:59:59.998 | books 8,695 | levels 677,605 | orders 1,642,242 | mismatches 0
  books at 12:00:00.000 ET (state after message 151,453,346):
  AAPL   locate 14    resting 39,587 | levels bid 2711 ask 2624 | overflow levels 4,218 | BBO 162.3000 x 101 / 162.3100 x 400
         bid     162.3000        101 (   2)   | ask     162.3100        400 (   3)
         bid     162.2900        174 (   2)   | ask     162.3200        705 (   5)
         bid     162.2800        900 (   5)   | ask     162.3300        500 (   1)
         bid     162.2700        912 (   6)   | ask     162.3400      1,200 (   2)
         bid     162.2600        704 (   5)   | ask     162.3500      1,420 (   4)
  MSFT   locate 5217  resting 19,134 | levels bid 1581 ask 1135 | overflow levels 1,439 | BBO 105.4700 x 700 / 105.4800 x 400
         bid     105.4700        700 (   7)   | ask     105.4800        400 (   4)
         bid     105.4600        993 (   7)   | ask     105.4900      1,212 (  10)
         bid     105.4500        754 (   6)   | ask     105.5000      9,544 (  49)
         bid     105.4400        919 (  10)   | ask     105.5100        300 (   3)
         bid     105.4300      1,319 (  10)   | ask     105.5200        739 (   8)
  AMZN   locate 381   resting 34,678 | levels bid 2795 ask 2589 | overflow levels 5,063 | BBO 1647.0600 x 3 / 1647.4500 x 10
         bid    1647.0600          3 (   1)   | ask    1647.4500         10 (   1)
         bid    1647.0200        115 (   2)   | ask    1647.4600         11 (   2)
         bid    1647.0000         72 (   3)   | ask    1647.6000        121 (   2)
         bid    1646.9100          3 (   1)   | ask    1647.6400        100 (   1)
         bid    1646.9000          1 (   1)   | ask    1647.6800          1 (   1)
  BKNG   locate 894   resting 1,092 | levels bid 246 ask 256 | overflow levels 469 | BBO 1815.4400 x 95 / 1817.5700 x 102
         bid    1815.4400         95 (   1)   | ask    1817.5700        102 (   2)
         bid    1814.5000         16 (   2)   | ask    1817.5800          5 (   2)
         bid    1813.3100          5 (   1)   | ask    1817.5900          2 (   1)
         bid    1812.4200         16 (   1)   | ask    1817.6000          2 (   1)
         bid    1812.2400         16 (   1)   | ask    1817.8100        100 (   1)
  WFT    locate 8401  resting 700 | levels bid 94 ask 143 | overflow levels 130 | BBO 0.6196 x 600 / 0.6199 x 700
         bid       0.6196        600 (   3)   | ask       0.6199        700 (   3)
         bid       0.6195        100 (   1)   | ask       0.6200        100 (   1)
         bid       0.6193         35 (   1)   | ask       0.6204        100 (   1)
         bid       0.6192        100 (   1)   | ask       0.6208        100 (   1)
         bid       0.6185        100 (   1)   | ask       0.6211        100 (   1)
  checkpoint  32 | message   155,000,000 | 12:04:44.443 | books 8,695 | levels 689,849 | orders 1,663,862 | mismatches 0
  chunk  18 | messages   158,349,237 | book digest 58de849165da44e9
  checkpoint  33 | message   160,000,000 | 12:13:19.242 | books 8,695 | levels 688,032 | orders 1,663,838 | mismatches 0
  checkpoint  34 | message   165,000,000 | 12:20:56.121 | books 8,695 | levels 687,933 | orders 1,664,508 | mismatches 0
  chunk  19 | messages   167,216,806 | book digest ab5b53009cf94f22
  checkpoint  35 | message   170,000,000 | 12:28:22.005 | books 8,695 | levels 687,563 | orders 1,663,930 | mismatches 0
  checkpoint  36 | message   175,000,000 | 12:36:14.416 | books 8,695 | levels 687,764 | orders 1,667,042 | mismatches 0
  chunk  20 | messages   176,086,169 | book digest 8a7cc9c9efbe72d7
  checkpoint  37 | message   180,000,000 | 12:44:33.153 | books 8,695 | levels 687,859 | orders 1,667,028 | mismatches 0
  chunk  21 | messages   184,954,967 | book digest fce256ccb933d38c
  checkpoint  38 | message   185,000,000 | 12:53:56.954 | books 8,695 | levels 687,819 | orders 1,667,645 | mismatches 0
  checkpoint  39 | message   190,000,000 | 13:03:06.835 | books 8,695 | levels 688,950 | orders 1,669,914 | mismatches 0
  chunk  22 | messages   193,827,834 | book digest 40564c8496d17813
  checkpoint  40 | message   195,000,000 | 13:13:08.026 | books 8,695 | levels 688,068 | orders 1,667,684 | mismatches 0
  checkpoint  41 | message   200,000,000 | 13:22:12.680 | books 8,695 | levels 688,103 | orders 1,666,522 | mismatches 0
  chunk  23 | messages   202,695,956 | book digest bc6bbc54243e09bc
  checkpoint  42 | message   205,000,000 | 13:31:18.158 | books 8,695 | levels 687,533 | orders 1,666,892 | mismatches 0
  checkpoint  43 | message   210,000,000 | 13:41:12.582 | books 8,695 | levels 687,723 | orders 1,668,905 | mismatches 0
  chunk  24 | messages   211,568,969 | book digest 6e1337417720f0e4
  checkpoint  44 | message   215,000,000 | 13:49:24.619 | books 8,695 | levels 687,194 | orders 1,665,938 | mismatches 0
  checkpoint  45 | message   220,000,000 | 13:57:14.970 | books 8,695 | levels 675,857 | orders 1,619,078 | mismatches 0
  chunk  25 | messages   220,460,800 | book digest 9fa9ae8a6b67f58b
  checkpoint  46 | message   225,000,000 | 14:00:58.959 | books 8,695 | levels 647,228 | orders 1,514,682 | mismatches 0
  chunk  26 | messages   229,263,694 | book digest 08bb89ee4a41757d
  checkpoint  47 | message   230,000,000 | 14:04:16.323 | books 8,695 | levels 656,398 | orders 1,535,694 | mismatches 0
  checkpoint  48 | message   235,000,000 | 14:09:04.598 | books 8,695 | levels 661,811 | orders 1,554,756 | mismatches 0
  chunk  27 | messages   238,071,468 | book digest d7a6282e1d4be426
  checkpoint  49 | message   240,000,000 | 14:12:57.983 | books 8,695 | levels 665,151 | orders 1,591,813 | mismatches 0
  checkpoint  50 | message   245,000,000 | 14:16:25.645 | books 8,695 | levels 670,985 | orders 1,599,746 | mismatches 0
  chunk  28 | messages   246,924,191 | book digest 44a8ba4e5ddc385f
  checkpoint  51 | message   250,000,000 | 14:20:21.253 | books 8,695 | levels 672,101 | orders 1,605,834 | mismatches 0
  checkpoint  52 | message   255,000,000 | 14:24:02.475 | books 8,695 | levels 673,753 | orders 1,607,224 | mismatches 0
  chunk  29 | messages   255,780,072 | book digest 7b35102f956db9e3
  checkpoint  53 | message   260,000,000 | 14:29:06.459 | books 8,695 | levels 674,555 | orders 1,613,392 | mismatches 0
  chunk  30 | messages   264,639,129 | book digest 2a685e39ad38295d
  checkpoint  54 | message   265,000,000 | 14:33:54.618 | books 8,695 | levels 674,703 | orders 1,616,123 | mismatches 0
  checkpoint  55 | message   270,000,000 | 14:37:48.550 | books 8,695 | levels 683,001 | orders 1,628,083 | mismatches 0
  chunk  31 | messages   273,495,576 | book digest f36646e40a160529
  checkpoint  56 | message   275,000,000 | 14:42:13.639 | books 8,695 | levels 684,685 | orders 1,635,601 | mismatches 0
  checkpoint  57 | message   280,000,000 | 14:46:45.939 | books 8,695 | levels 683,853 | orders 1,631,174 | mismatches 0
  chunk  32 | messages   282,349,411 | book digest a62c831486d02a27
  checkpoint  58 | message   285,000,000 | 14:51:32.930 | books 8,695 | levels 684,110 | orders 1,634,601 | mismatches 0
  checkpoint  59 | message   290,000,000 | 14:55:31.132 | books 8,695 | levels 684,699 | orders 1,632,003 | mismatches 0
  chunk  33 | messages   291,201,536 | book digest 92c8a5e78cdf802f
  checkpoint  60 | message   295,000,000 | 15:00:19.751 | books 8,695 | levels 683,541 | orders 1,632,368 | mismatches 0
  checkpoint  61 | message   300,000,000 | 15:05:20.251 | books 8,695 | levels 684,263 | orders 1,638,630 | mismatches 0
  chunk  34 | messages   300,047,134 | book digest 847e4a5e546e8347
  checkpoint  62 | message   305,000,000 | 15:10:18.857 | books 8,695 | levels 685,062 | orders 1,644,625 | mismatches 0
  chunk  35 | messages   308,899,271 | book digest feacd1deeffb74ff
  checkpoint  63 | message   310,000,000 | 15:14:57.463 | books 8,695 | levels 684,692 | orders 1,644,408 | mismatches 0
  checkpoint  64 | message   315,000,000 | 15:20:04.828 | books 8,695 | levels 686,566 | orders 1,652,030 | mismatches 0
  chunk  36 | messages   317,742,171 | book digest d0ed479cc3c54eab
  checkpoint  65 | message   320,000,000 | 15:25:00.896 | books 8,695 | levels 693,256 | orders 1,675,129 | mismatches 0
  checkpoint  66 | message   325,000,000 | 15:30:15.801 | books 8,695 | levels 687,223 | orders 1,661,594 | mismatches 0
  chunk  37 | messages   326,588,282 | book digest cb79a5f6bbf9880f
  checkpoint  67 | message   330,000,000 | 15:34:48.321 | books 8,695 | levels 688,062 | orders 1,669,956 | mismatches 0
  checkpoint  68 | message   335,000,000 | 15:39:33.866 | books 8,695 | levels 688,634 | orders 1,673,901 | mismatches 0
  chunk  38 | messages   335,432,688 | book digest dd51f7b2c94ca7fc
  checkpoint  69 | message   340,000,000 | 15:44:03.671 | books 8,695 | levels 686,220 | orders 1,674,326 | mismatches 0
  chunk  39 | messages   344,254,332 | book digest 8d87d117d6e96b0e
  checkpoint  70 | message   345,000,000 | 15:48:35.879 | books 8,695 | levels 691,934 | orders 1,699,541 | mismatches 0
  checkpoint  71 | message   350,000,000 | 15:53:07.026 | books 8,695 | levels 696,066 | orders 1,710,901 | mismatches 0
  chunk  40 | messages   353,036,597 | book digest f091db4758ed7028
  checkpoint  72 | message   355,000,000 | 15:55:52.286 | books 8,695 | levels 701,803 | orders 1,725,998 | mismatches 0
  checkpoint  73 | message   360,000,000 | 15:58:16.012 | books 8,695 | levels 683,437 | orders 1,693,786 | mismatches 0
  chunk  41 | messages   360,558,587 | book digest 60722612a9a7c632
  checkpoint  74 | message   365,000,000 | 15:59:57.847 | books 8,695 | levels 671,266 | orders 1,634,641 | mismatches 0
  checkpoint  75 | message   365,323,584 | 15:59:59.999 | books 8,695 | levels 647,955 | orders 1,579,011 | mismatches 0
  books at 16:00:00.000 ET (state after message 365,323,584):
  AAPL   locate 14    resting 42,767 | levels bid 3053 ask 2602 | overflow levels 4,461 | BBO 165.2400 x 1,800 / 165.2700 x 217
         bid     165.2400      1,800 (   1)   | ask     165.2700        217 (   3)
         bid     165.2100        200 (   2)   | ask     165.2800      3,853 (   6)
         bid     165.2000      1,900 (   2)   | ask     165.2900        100 (   1)
         bid     165.1900      8,200 (   5)   | ask     165.3000        100 (   1)
         bid     165.1800        190 (   2)   | ask     165.3100        103 (   2)
  MSFT   locate 5217  resting 22,071 | levels bid 1726 ask 1190 | overflow levels 1,543 | BBO 106.3000 x 7,640 / 106.3800 x 4,444
         bid     106.3000      7,640 (   5)   | ask     106.3800      4,444 (   3)
         bid     106.2800      8,177 (   3)   | ask     106.3900     13,572 (   6)
         bid     106.2700      3,650 (   2)   | ask     106.4000     10,928 (  19)
         bid     106.2600      7,658 (   2)   | ask     106.4100      3,400 (   1)
         bid     106.2500      6,130 (   5)   | ask     106.4200        844 (   4)
  AMZN   locate 381   resting 39,028 | levels bid 3143 ask 2756 | overflow levels 5,535 | BBO 1670.9900 x 291 / 1671.1000 x 149
         bid    1670.9900        291 (   1)   | ask    1671.1000        149 (   1)
         bid    1670.4300          5 (   1)   | ask    1671.1100         59 (   1)
         bid    1670.4200        105 (   2)   | ask    1671.1400        100 (   1)
         bid    1670.4100        300 (   3)   | ask    1671.2000         14 (   1)
         bid    1670.4000        100 (   1)   | ask    1671.2300        300 (   2)
  BKNG   locate 894   resting 1,333 | levels bid 306 ask 320 | overflow levels 510 | BBO 1818.5600 x 700 / 1818.7000 x 198
         bid    1818.5600        700 (   4)   | ask    1818.7000        198 (   3)
         bid    1818.4200        273 (   1)   | ask    1818.7700        100 (   1)
         bid    1818.3300        306 (   1)   | ask    1819.0500        100 (   1)
         bid    1818.1100        100 (   1)   | ask    1819.2800        200 (   1)
         bid    1818.0600          1 (   1)   | ask    1819.3900        114 (   2)
  WFT    locate 8401  resting 547 | levels bid 71 ask 112 | overflow levels 121 | BBO 0.6347 x 3,800 / 0.6453 x 2,400
         bid       0.6347      3,800 (   1)   | ask       0.6453      2,400 (   1)
         bid       0.6333        100 (   1)   | ask       0.6459      3,900 (   1)
         bid       0.6300      1,019 (   3)   | ask       0.6550        750 (   1)
         bid       0.6265         50 (   1)   | ask       0.6577        100 (   1)
         bid       0.6218        300 (   3)   | ask       0.6580      3,500 (   1)
  checkpoint  76 | message   368,366,634 | 20:05:00.000 | books 8,695 | levels 0 | orders 0 | mismatches 0 (end of file)
  chunk  42 | messages   368,366,634 | book digest f7d5c6e84735b480

[3] totals
  messages: pass 1 368,366,634 | pass 2 368,366,634 | trailing bytes 0
  chunks 42 | chunk boundaries inside a message 41 (inside its length prefix 1)
  books: 8,695 | resting orders at end of file: 0
  bad_length: pre-scan 0, dispatch 0 | dropped_out_of_band 0 | unknown order id 0
  adds on the ladder 190,757,952 | in the overflow 1,161,147 (0.605% of 191,919,099; sizing predicted nothing, the ladders move)
  causal ladders: placed 8,695 | re-centered 18,648 times | levels moved 908,796 | orders relinked 2,626,046
  reference applied: A 162,970,455  F 1,725,898  E 8,096,995  C 158,886  X 4,669,874  D 158,273,361  U 27,222,746
  reference anomalies: unknown ref 0 | duplicate ref 0 | over-execution 0 | locate mismatch 0 | bad side 0 | bad length 0
  checkpoints 76 | book comparisons 660,820 | levels compared 49,562,417 | orders compared in queue order 119,295,162 | mismatches 0
  after every order message: 363,118,215 messages checked (resting count and BBO of the book, the orders and price levels the message touched) | orders compared 390,340,961 | levels compared 390,340,961 | mismatches 0
  dispatch time 309.536 s for 368,366,634 messages (840.3 ns/msg) - differential run: not a measurement
  final books (end of file):
  AAPL   locate 14    resting 0 | levels bid 0 ask 0 | overflow levels 0 | BBO - / -
  MSFT   locate 5217  resting 0 | levels bid 0 ask 0 | overflow levels 0 | BBO - / -
  AMZN   locate 381   resting 0 | levels bid 0 ask 0 | overflow levels 0 | BBO - / -
  BKNG   locate 894   resting 0 | levels bid 0 ask 0 | overflow levels 0 | BBO - / -
  WFT    locate 8401  resting 0 | levels bid 0 ask 0 | overflow levels 0 | BBO - / -
  book digest chain over 42 chunk boundaries: 17b49d11d49913b3
  wall time 1409 s

RESULT: PASS
exit 0
