=== lob_replay --fixture: the replay path on a crafted ITCH 5.0 file ===
  crafted file: 2255 bytes, 65 messages (A 31, F 1, U 6, E 4, C 2, X 2, D 4, and S, R, Q, I, P), 38 adds

=== lob_replay: NASDAQ TotalView-ITCH 5.0 day replay with ref::Market differential ===
run: 2026-09-21 03:27:51 local | cpu: Intel(R) Core(TM) Ultra 7 265H | compiler: g++ 16.1.0
command: lob_replay --fixture
source: git commit eaeb960f0c547dff9548ccea4e147455f7abe9e5
file: lob_replay_fixture.itch
chunk 2,255 bytes | checkpoint every 1 messages | ladder budget 0 MB

[1] pre-scan (untimed, 0.0 s)
  bytes 2,255 | messages 65 | trailing bytes 0
  message counts by type:
     A            31    C             2    D             4    E             4
     F             1    I             1    P             1    Q             2
     R             5    S             6    U             6    X             2
  bad_length 0 | unknown type 0
  first message 03:05:00.000 | last message 20:05:00.000 (ET, from message timestamps) | timestamps out of order 0
  stock directory: 5 'R' messages for 5 stock_locates (0 repeated, 0 renamed) | locates with order messages: 4
  adds (A, F and the add half of U): 38 | peak resting orders, whole market: 32
  add prices that are not whole cents: 11 | outside $0.01..$1310.72: 12
  sizing (0.0 s): 4 books | grid $0.01: 3, grid $0.0001: 1 | ladder 0 MB | band ticks min 64 median 64 max 64
  adds the chosen ladders cover: 25 of 38 (65.789%); the other 13 rest in the overflow
  pools 98 order slots (0 MB) | id maps 256 slots (0 MB)

  named symbols (Stock Directory, and the 'Q' crosses NASDAQ ran):
  FXC    locate 1     adds 18 | peak resting 14 | grid $0.01 | ladder 64 ticks from $100.0000
         opening cross 100.0500 x 1,000 shares at 09:30:00.033
         closing cross 100.1000 x 500 shares at 16:00:00.000
  FXS    locate 2     adds 11 | peak resting 10 | grid $0.0001 | ladder 64 ticks from $0.5000
         opening cross: none in this file
         closing cross: none in this file
  FXH    locate 3     adds 4 | peak resting 3 | grid $0.01 | ladder 64 ticks from $1650.0000
         opening cross: none in this file
         closing cross: none in this file
  FXB    locate 65535 adds 5 | peak resting 5 | grid $0.01 | ladder 64 ticks from $300000.0000
         opening cross: none in this file
         closing cross: none in this file
  NOSUCH not in this day's stock directory

[2] replay, differential against ref::Market at every checkpoint | thread not pinned
  books at 09:45:00.000 ET (state after message 47):
  FXC    locate 1     resting 14 | levels bid 5 ask 5 | overflow levels 6 | BBO 100.1000 x 300 / 100.5000 x 150
         bid     100.1000        300 (   1)   | ask     100.5000        150 (   1)
         bid     100.0050         30 (   1)   | ask     100.6300        570 (   2)
         bid     100.0000        280 (   2)   | ask     100.6400        420 (   2)
         bid      99.9900        110 (   2)   | ask  199999.9900         40 (   1)
         bid       0.0001         50 (   1)   | ask  429496.7295         60 (   1)
  FXS    locate 2     resting 10 | levels bid 4 ask 3 | overflow levels 2 | BBO 0.5002 x 600 / 0.5030 x 400
         bid       0.5002        600 (   2)   | ask       0.5030        400 (   1)
         bid       0.5001        200 (   1)   | ask       0.5063        500 (   1)
         bid       0.5000        300 (   3)   | ask       0.5064        500 (   1)
         bid       0.4999         50 (   1)   | ask 
  FXH    locate 3     resting 3 | levels bid 2 ask 0 | overflow levels 1 | BBO 1650.7000 / -
         bid    1650.7000        300 (   1)   | ask 
         bid    1650.0000        300 (   2)   | ask 
  FXB    locate 65535 resting 5 | levels bid 1 ask 3 | overflow levels 2 | BBO 299999.0000 x 5 / 300000.0000 x 40
         bid  299999.0000          5 (   1)   | ask  300000.0000         40 (   2)
         bid                                  | ask  300000.5000         20 (   1)
         bid                                  | ask  300001.0000          7 (   1)

[3] totals
  messages: pass 1 65 | pass 2 65 | trailing bytes 0
  chunks 1 | chunk boundaries inside a message 0 (inside its length prefix 0)
  books: 4 | resting orders at end of file: 26
  bad_length: pre-scan 0, dispatch 0 | dropped_out_of_band 0 | unknown order id 0
  adds on the ladder 25 | in the overflow 13 (34.211% of 38; sizing predicted 13)
  reference applied: A 31  F 1  E 4  C 2  X 2  D 4  U 6
  reference anomalies: unknown ref 0 | duplicate ref 0 | over-execution 0 | locate mismatch 0 | bad side 0 | bad length 0
  checkpoints 65 | book comparisons 260 | levels compared 909 | orders compared in queue order 1,266 | mismatches 0
  dispatch time 0.000 s for 65 messages (364.6 ns/msg) - differential run: not a measurement
  final books (end of file):
  FXC    locate 1     resting 10 | levels bid 5 ask 4 | overflow levels 4 | BBO 100.1000 x 300 / 100.6200 x 20
         bid     100.1000        300 (   1)   | ask     100.6200         20 (   1)
         bid     100.0100         10 (   1)   | ask     100.6300         70 (   1)
         bid     100.0050         20 (   1)   | ask  199999.9900         25 (   1)
         bid     100.0000        230 (   2)   | ask  429496.7295         60 (   1)
         bid      99.9900        100 (   1)   | ask 
  FXS    locate 2     resting 9 | levels bid 4 ask 3 | overflow levels 2 | BBO 0.5002 x 500 / 0.5030 x 400
         bid       0.5002        500 (   2)   | ask       0.5030        400 (   1)
         bid       0.5001        200 (   1)   | ask       0.5063        500 (   1)
         bid       0.5000        200 (   2)   | ask       0.5064        500 (   1)
         bid       0.4999         50 (   1)   | ask 
  FXH    locate 3     resting 3 | levels bid 2 ask 0 | overflow levels 1 | BBO 1650.7000 / -
         bid    1650.7000        200 (   1)   | ask 
         bid    1650.0000        300 (   2)   | ask 
  FXB    locate 65535 resting 4 | levels bid 1 ask 2 | overflow levels 2 | BBO 299999.0000 x 5 / 300000.0000 x 36
         bid  299999.0000          5 (   1)   | ask  300000.0000         36 (   2)
         bid                                  | ask  300001.0000          7 (   1)
  book digest chain over 1 chunk boundaries: d1f3a2fa33d28987
  wall time 0 s

RESULT: PASS

  chunk 2255 bytes: 65 messages | 0 chunk boundaries inside a message (0 inside a length prefix) | compared with the reference after every message, 0 mismatches | overflow adds 13 of 38 | end-of-file books as written out (21 levels, 26 orders) | digest df4dfa823ab6fb8b
  chunk    1 bytes: 65 messages | 2190 chunk boundaries inside a message (65 inside a length prefix) | compared with the reference after every message, 0 mismatches | overflow adds 13 of 38 | end-of-file books as written out (21 levels, 26 orders) | digest df4dfa823ab6fb8b
  chunk    2 bytes: 65 messages | 1115 chunk boundaries inside a message (52 inside a length prefix) | compared with the reference after every message, 0 mismatches | overflow adds 13 of 38 | end-of-file books as written out (21 levels, 26 orders) | digest df4dfa823ab6fb8b
  chunk   37 bytes: 65 messages | 59 chunk boundaries inside a message (0 inside a length prefix) | compared with the reference after every message, 0 mismatches | overflow adds 13 of 38 | end-of-file books as written out (21 levels, 26 orders) | digest df4dfa823ab6fb8b
  chunk   64 bytes: 65 messages | 34 chunk boundaries inside a message (1 inside a length prefix) | compared with the reference after every message, 0 mismatches | overflow adds 13 of 38 | end-of-file books as written out (21 levels, 26 orders) | digest df4dfa823ab6fb8b
  chunk   37 bytes (no differential): 65 messages | 59 chunk boundaries inside a message (0 inside a length prefix) | no reference | overflow adds 13 of 38 | end-of-file books as written out (21 levels, 26 orders) | digest df4dfa823ab6fb8b
  negative control: the cent-denominated benchmark book ($0.01..$1310.72) drops 11 of the 38 adds and holds FXS in 2 bid / 1 ask levels (exact: 4 / 3)
  crafted-file replay: PASS

RESULT: PASS
exit 0
